Component: Arm Compiler for Embedded 6.23 Tool: armlink [5f102400]

==============================================================================

Section Cross References

    startup_stm32h750xx.o(STACK) refers (Special) to heapauxi.o(.text) for __use_two_region_memory
    startup_stm32h750xx.o(HEAP) refers (Special) to heapauxi.o(.text) for __use_two_region_memory
    startup_stm32h750xx.o(RESET) refers (Special) to heapauxi.o(.text) for __use_two_region_memory
    startup_stm32h750xx.o(RESET) refers to startup_stm32h750xx.o(STACK) for __initial_sp
    startup_stm32h750xx.o(RESET) refers to startup_stm32h750xx.o(.text) for Reset_Handler
    startup_stm32h750xx.o(RESET) refers to stm32h7xx_it.o(.text.NMI_Handler) for NMI_Handler
    startup_stm32h750xx.o(RESET) refers to stm32h7xx_it.o(.text.HardFault_Handler) for HardFault_Handler
    startup_stm32h750xx.o(RESET) refers to stm32h7xx_it.o(.text.MemManage_Handler) for MemManage_Handler
    startup_stm32h750xx.o(RESET) refers to stm32h7xx_it.o(.text.BusFault_Handler) for BusFault_Handler
    startup_stm32h750xx.o(RESET) refers to stm32h7xx_it.o(.text.UsageFault_Handler) for UsageFault_Handler
    startup_stm32h750xx.o(RESET) refers to stm32h7xx_it.o(.text.SVC_Handler) for SVC_Handler
    startup_stm32h750xx.o(RESET) refers to stm32h7xx_it.o(.text.DebugMon_Handler) for DebugMon_Handler
    startup_stm32h750xx.o(RESET) refers to stm32h7xx_it.o(.text.PendSV_Handler) for PendSV_Handler
    startup_stm32h750xx.o(RESET) refers to stm32h7xx_it.o(.text.SysTick_Handler) for SysTick_Handler
    startup_stm32h750xx.o(RESET) refers to stm32h7xx_it.o(.text.EXTI2_IRQHandler) for EXTI2_IRQHandler
    startup_stm32h750xx.o(RESET) refers to stm32h7xx_it.o(.text.EXTI3_IRQHandler) for EXTI3_IRQHandler
    startup_stm32h750xx.o(RESET) refers to stm32h7xx_it.o(.text.EXTI4_IRQHandler) for EXTI4_IRQHandler
    startup_stm32h750xx.o(RESET) refers to stm32h7xx_it.o(.text.DMA1_Stream0_IRQHandler) for DMA1_Stream0_IRQHandler
    startup_stm32h750xx.o(RESET) refers to stm32h7xx_it.o(.text.DMA1_Stream1_IRQHandler) for DMA1_Stream1_IRQHandler
    startup_stm32h750xx.o(RESET) refers to stm32h7xx_it.o(.text.ADC_IRQHandler) for ADC_IRQHandler
    startup_stm32h750xx.o(RESET) refers to stm32h7xx_it.o(.text.TIM1_UP_IRQHandler) for TIM1_UP_IRQHandler
    startup_stm32h750xx.o(RESET) refers to stm32h7xx_it.o(.text.USART1_IRQHandler) for USART1_IRQHandler
    startup_stm32h750xx.o(RESET) refers to stm32h7xx_it.o(.text.UART4_IRQHandler) for UART4_IRQHandler
    startup_stm32h750xx.o(RESET) refers to stm32h7xx_it.o(.text.UART5_IRQHandler) for UART5_IRQHandler
    startup_stm32h750xx.o(.text) refers (Special) to heapauxi.o(.text) for __use_two_region_memory
    startup_stm32h750xx.o(.text) refers to system_stm32h7xx.o(.text.ExitRun0Mode) for ExitRun0Mode
    startup_stm32h750xx.o(.text) refers to system_stm32h7xx.o(.text.SystemInit) for SystemInit
    startup_stm32h750xx.o(.text) refers to __main.o(!!!main) for __main
    startup_stm32h750xx.o(.text) refers to startup_stm32h750xx.o(HEAP) for Heap_Mem
    startup_stm32h750xx.o(.text) refers to startup_stm32h750xx.o(STACK) for Stack_Mem
    main.o(.text.HAL_GPIO_EXTI_Callback) refers to delay.o(.text.delay_ms) for delay_ms
    main.o(.text.HAL_GPIO_EXTI_Callback) refers to stm32h7xx_hal_gpio.o(.text.HAL_GPIO_ReadPin) for HAL_GPIO_ReadPin
    main.o(.text.HAL_GPIO_EXTI_Callback) refers to stm32h7xx_hal_gpio.o(.text.HAL_GPIO_TogglePin) for HAL_GPIO_TogglePin
    main.o(.text.HAL_GPIO_EXTI_Callback) refers to key2.o(.bss.led2_status) for led2_status
    main.o(.text.HAL_GPIO_EXTI_Callback) refers to key2.o(.bss.led1_status) for led1_status
    main.o(.text.HAL_GPIO_EXTI_Callback) refers to serial.o(.text.Screen_SendStr) for Screen_SendStr
    main.o(.ARM.exidx.text.HAL_GPIO_EXTI_Callback) refers to main.o(.text.HAL_GPIO_EXTI_Callback) for [Anonymous Symbol]
    main.o(.text.main) refers to stm32h7xx_hal_cortex.o(.text.HAL_MPU_Disable) for HAL_MPU_Disable
    main.o(.text.main) refers to stm32h7xx_hal_cortex.o(.text.HAL_MPU_ConfigRegion) for HAL_MPU_ConfigRegion
    main.o(.text.main) refers to stm32h7xx_hal_cortex.o(.text.HAL_MPU_Enable) for HAL_MPU_Enable
    main.o(.text.main) refers to stm32h7xx_hal.o(.text.HAL_Init) for HAL_Init
    main.o(.text.main) refers to main.o(.text.SystemClock_Config) for SystemClock_Config
    main.o(.text.main) refers to gpio.o(.text.MX_GPIO_Init) for MX_GPIO_Init
    main.o(.text.main) refers to dma.o(.text.MX_DMA_Init) for MX_DMA_Init
    main.o(.text.main) refers to usart.o(.text.MX_UART4_Init) for MX_UART4_Init
    main.o(.text.main) refers to usart.o(.text.MX_UART5_Init) for MX_UART5_Init
    main.o(.text.main) refers to adc.o(.text.MX_ADC1_Init) for MX_ADC1_Init
    main.o(.text.main) refers to tim.o(.text.MX_TIM1_Init) for MX_TIM1_Init
    main.o(.text.main) refers to tim.o(.text.MX_TIM2_Init) for MX_TIM2_Init
    main.o(.text.main) refers to dac.o(.text.MX_DAC1_Init) for MX_DAC1_Init
[...]
    FDCAN1_IT1_IRQHandler                    0x0800042f   Thumb Code     0  startup_stm32h750xx.o(.text)
    FDCAN2_IT0_IRQHandler                    0x0800042f   Thumb Code     0  startup_stm32h750xx.o(.text)
    FDCAN2_IT1_IRQHandler                    0x0800042f   Thumb Code     0  startup_stm32h750xx.o(.text)
    FDCAN_CAL_IRQHandler                     0x0800042f   Thumb Code     0  startup_stm32h750xx.o(.text)
    FLASH_IRQHandler                         0x0800042f   Thumb Code     0  startup_stm32h750xx.o(.text)
    FMC_IRQHandler                           0x0800042f   Thumb Code     0  startup_stm32h750xx.o(.text)
    FPU_IRQHandler                           0x0800042f   Thumb Code     0  startup_stm32h750xx.o(.text)
    HASH_RNG_IRQHandler                      0x0800042f   Thumb Code     0  startup_stm32h750xx.o(.text)
    HRTIM1_FLT_IRQHandler                    0x0800042f   Thumb Code     0  startup_stm32h750xx.o(.text)
    HRTIM1_Master_IRQHandler                 0x0800042f   Thumb Code     0  startup_stm32h750xx.o(.text)
    HRTIM1_TIMA_IRQHandler                   0x0800042f   Thumb Code     0  startup_stm32h750xx.o(.text)
    HRTIM1_TIMB_IRQHandler                   0x0800042f   Thumb Code     0  startup_stm32h750xx.o(.text)
    HRTIM1_TIMC_IRQHandler                   0x0800042f   Thumb Code     0  startup_stm32h750xx.o(.text)
    HRTIM1_TIMD_IRQHandler                   0x0800042f   Thumb Code     0  startup_stm32h750xx.o(.text)
    HRTIM1_TIME_IRQHandler                   0x0800042f   Thumb Code     0  startup_stm32h750xx.o(.text)
    HSEM1_IRQHandler                         0x0800042f   Thumb Code     0  startup_stm32h750xx.o(.text)
    I2C1_ER_IRQHandler                       0x0800042f   Thumb Code     0  startup_stm32h750xx.o(.text)
    I2C1_EV_IRQHandler                       0x0800042f   Thumb Code     0  startup_stm32h750xx.o(.text)
    I2C2_ER_IRQHandler                       0x0800042f   Thumb Code     0  startup_stm32h750xx.o(.text)
    I2C2_EV_IRQHandler                       0x0800042f   Thumb Code     0  startup_stm32h750xx.o(.text)
    I2C3_ER_IRQHandler                       0x0800042f   Thumb Code     0  startup_stm32h750xx.o(.text)
    I2C3_EV_IRQHandler                       0x0800042f   Thumb Code     0  startup_stm32h750xx.o(.text)
    I2C4_ER_IRQHandler                       0x0800042f   Thumb Code     0  startup_stm32h750xx.o(.text)
    I2C4_EV_IRQHandler                       0x0800042f   Thumb Code     0  startup_stm32h750xx.o(.text)
    JPEG_IRQHandler                          0x0800042f   Thumb Code     0  startup_stm32h750xx.o(.text)
    LPTIM1_IRQHandler                        0x0800042f   Thumb Code     0  startup_stm32h750xx.o(.text)
    LPTIM2_IRQHandler                        0x0800042f   Thumb Code     0  startup_stm32h750xx.o(.text)
    LPTIM3_IRQHandler                        0x0800042f   Thumb Code     0  startup_stm32h750xx.o(.text)
    LPTIM4_IRQHandler                        0x0800042f   Thumb Code     0  startup_stm32h750xx.o(.text)
    LPTIM5_IRQHandler                        0x0800042f   Thumb Code     0  startup_stm32h750xx.o(.text)
    LPUART1_IRQHandler                       0x0800042f   Thumb Code     0  startup_stm32h750xx.o(.text)
    LTDC_ER_IRQHandler                       0x0800042f   Thumb Code     0  startup_stm32h750xx.o(.text)
    LTDC_IRQHandler                          0x0800042f   Thumb Code     0  startup_stm32h750xx.o(.text)
    MDIOS_IRQHandler                         0x0800042f   Thumb Code     0  startup_stm32h750xx.o(.text)
    MDIOS_WKUP_IRQHandler                    0x0800042f   Thumb Code     0  startup_stm32h750xx.o(.text)
    MDMA_IRQHandler                          0x0800042f   Thumb Code     0  startup_stm32h750xx.o(.text)
    OTG_FS_EP1_IN_IRQHandler                 0x0800042f   Thumb Code     0  startup_stm32h750xx.o(.text)
    OTG_FS_EP1_OUT_IRQHandler                0x0800042f   Thumb Code     0  startup_stm32h750xx.o(.text)
    OTG_FS_IRQHandler                        0x0800042f   Thumb Code     0  startup_stm32h750xx.o(.text)
    OTG_FS_WKUP_IRQHandler                   0x0800042f   Thumb Code     0  startup_stm32h750xx.o(.text)
    OTG_HS_EP1_IN_IRQHandler                 0x0800042f   Thumb Code     0  startup_stm32h750xx.o(.text)
    OTG_HS_EP1_OUT_IRQHandler                0x0800042f   Thumb Code     0  startup_stm32h750xx.o(.text)
    OTG_HS_IRQHandler                        0x0800042f   Thumb Code     0  startup_stm32h750xx.o(.text)
    OTG_HS_WKUP_IRQHandler                   0x0800042f   Thumb Code     0  startup_stm32h750xx.o(.text)
    PVD_AVD_IRQHandler                       0x0800042f   Thumb Code     0  startup_stm32h750xx.o(.text)
    QUADSPI_IRQHandler                       0x0800042f   Thumb Code     0  startup_stm32h750xx.o(.text)
    RCC_IRQHandler                           0x0800042f   Thumb Code     0  startup_stm32h750xx.o(.text)
    RTC_Alarm_IRQHandler                     0x0800042f   Thumb Code     0  startup_stm32h750xx.o(.text)
    RTC_WKUP_IRQHandler                      0x0800042f   Thumb Code     0  startup_stm32h750xx.o(.text)
    SAI1_IRQHandler                          0x0800042f   Thumb Code     0  startup_stm32h750xx.o(.text)
    SAI2_IRQHandler                          0x0800042f   Thumb Code     0  startup_stm32h750xx.o(.text)
    SAI3_IRQHandler                          0x0800042f   Thumb Code     0  startup_stm32h750xx.o(.text)
    SAI4_IRQHandler                          0x0800042f   Thumb Code     0  startup_stm32h750xx.o(.text)
    SDMMC1_IRQHandler                        0x0800042f   Thumb Code     0  startup_stm32h750xx.o(.text)
    SDMMC2_IRQHandler                        0x0800042f   Thumb Code     0  startup_stm32h750xx.o(.text)
    SPDIF_RX_IRQHandler                      0x0800042f   Thumb Code     0  startup_stm32h750xx.o(.text)
    SPI1_IRQHandler                          0x0800042f   Thumb Code     0  startup_stm32h750xx.o(.text)
    SPI2_IRQHandler                          0x0800042f   Thumb Code     0  startup_stm32h750xx.o(.text)
    SPI3_IRQHandler                          0x0800042f   Thumb Code     0  startup_stm32h750xx.o(.text)
    SPI4_IRQHandler                          0x0800042f   Thumb Code     0  startup_stm32h750xx.o(.text)
    SPI5_IRQHandler                          0x0800042f   Thumb Code     0  startup_stm32h750xx.o(.text)
    SPI6_IRQHandler                          0x0800042f   Thumb Code     0  startup_stm32h750xx.o(.text)
    SWPMI1_IRQHandler                        0x0800042f   Thumb Code     0  startup_stm32h750xx.o(.text)
    TAMP_STAMP_IRQHandler                    0x0800042f   Thumb Code     0  startup_stm32h750xx.o(.text)
    TIM15_IRQHandler                         0x0800042f   Thumb Code     0  startup_stm32h750xx.o(.text)
    TIM16_IRQHandler                         0x0800042f   Thumb Code     0  startup_stm32h750xx.o(.text)
    TIM17_IRQHandler                         0x0800042f   Thumb Code     0  startup_stm32h750xx.o(.text)
    TIM1_BRK_IRQHandler                      0x0800042f   Thumb Code     0  startup_stm32h750xx.o(.text)
    TIM1_CC_IRQHandler                       0x0800042f   Thumb Code     0  startup_stm32h750xx.o(.text)
    TIM1_TRG_COM_IRQHandler                  0x0800042f   Thumb Code     0  startup_stm32h750xx.o(.text)
    TIM2_IRQHandler                          0x0800042f   Thumb Code     0  startup_stm32h750xx.o(.text)
    TIM3_IRQHandler                          0x0800042f   Thumb Code     0  startup_stm32h750xx.o(.text)
    TIM4_IRQHandler                          0x0800042f   Thumb Code     0  startup_stm32h750xx.o(.text)
    TIM5_IRQHandler                          0x0800042f   Thumb Code     0  startup_stm32h750xx.o(.text)
    TIM6_DAC_IRQHandler                      0x0800042f   Thumb Code     0  startup_stm32h750xx.o(.text)
    TIM7_IRQHandler                          0x0800042f   Thumb Code     0  startup_stm32h750xx.o(.text)
    TIM8_BRK_TIM12_IRQHandler                0x0800042f   Thumb Code     0  startup_stm32h750xx.o(.text)
    TIM8_CC_IRQHandler                       0x0800042f   Thumb Code     0  startup_stm32h750xx.o(.text)
    TIM8_TRG_COM_TIM14_IRQHandler            0x0800042f   Thumb Code     0  startup_stm32h750xx.o(.text)
    TIM8_UP_TIM13_IRQHandler                 0x0800042f   Thumb Code     0  startup_stm32h750xx.o(.text)
    UART7_IRQHandler                         0x0800042f   Thumb Code     0  startup_stm32h750xx.o(.text)
    UART8_IRQHandler                         0x0800042f   Thumb Code     0  startup_stm32h750xx.o(.text)
    USART2_IRQHandler                        0x0800042f   Thumb Code     0  startup_stm32h750xx.o(.text)
    USART3_IRQHandler                        0x0800042f   Thumb Code     0  startup_stm32h750xx.o(.text)
    USART6_IRQHandler                        0x0800042f   Thumb Code     0  startup_stm32h750xx.o(.text)
    WAKEUP_PIN_IRQHandler                    0x0800042f   Thumb Code     0  startup_stm32h750xx.o(.text)
    WWDG_IRQHandler                          0x0800042f   Thumb Code     0  startup_stm32h750xx.o(.text)
    __user_initial_stackheap                 0x08000431   Thumb Code     0  startup_stm32h750xx.o(.text)
    __aeabi_uldivmod                         0x08000459   Thumb Code     0  lludivv7m.o(.text)
    _ll_udiv                                 0x08000459   Thumb Code   240  lludivv7m.o(.text)
    vsprintf                                 0x08000549   Thumb Code    32  vsprintf.o(.text)
    __aeabi_memclr4                          0x0800056d   Thumb Code     0  rt_memclr_w.o(.text)
    __aeabi_memclr8                          0x0800056d   Thumb Code     0  rt_memclr_w.o(.text)
    __rt_memclr_w                            0x0800056d   Thumb Code     0  rt_memclr_w.o(.text)
    _memset_w                                0x08000571   Thumb Code    74  rt_memclr_w.o(.text)
    __use_two_region_memory                  0x080005bb   Thumb Code     2  heapauxi.o(.text)
    __rt_heap_escrow$2region                 0x080005bd   Thumb Code     2  heapauxi.o(.text)
    __rt_heap_expand$2region                 0x080005bf   Thumb Code     2  heapauxi.o(.text)
    _printf_pre_padding                      0x080005c1   Thumb Code    44  _printf_pad.o(.text)
    _printf_post_padding                     0x080005ed   Thumb Code    34  _printf_pad.o(.text)
    _printf_truncate_signed                  0x0800060f   Thumb Code    18  _printf_truncate.o(.text)
    _printf_truncate_unsigned                0x08000621   Thumb Code    18  _printf_truncate.o(.text)
    _printf_str                              0x08000633   Thumb Code    82  _printf_str.o(.text)
    _printf_int_dec                          0x08000685   Thumb Code   104  _printf_dec.o(.text)
    _printf_charcount                        0x080006fd   Thumb Code    40  _printf_charcount.o(.text)
    _printf_char_common                      0x0800072f   Thumb Code    32  _printf_char_common.o(.text)
    _sputc                                   0x08000755   Thumb Code    10  _sputc.o(.text)
    _printf_wctomb                           0x08000761   Thumb Code   182  _printf_wctomb.o(.text)
    _printf_longlong_dec                     0x0800081d   Thumb Code   108  _printf_longlong_dec.o(.text)
    _printf_longlong_oct                     0x08000899   Thumb Code    68  _printf_oct_int_ll.o(.text)
    _printf_int_oct                          0x080008dd   Thumb Code    24  _printf_oct_int_ll.o(.text)
    _printf_ll_oct                           0x080008f5   Thumb Code    12  _printf_oct_int_ll.o(.text)
    _printf_longlong_hex                     0x08000909   Thumb Code    86  _printf_hex_int_ll_ptr.o(.text)
    _printf_int_hex                          0x0800095f   Thumb Code    28  _printf_hex_int_ll_ptr.o(.text)
    _printf_ll_hex                           0x0800097b   Thumb Code    12  _printf_hex_int_ll_ptr.o(.text)
    _printf_hex_ptr                          0x08000987   Thumb Code    18  _printf_hex_int_ll_ptr.o(.text)
    __printf                                 0x0800099d   Thumb Code   388  __printf_flags_ss_wp.o(.text)
    _ll_udiv10                               0x08000b25   Thumb Code   138  lludiv10.o(.text)
    _printf_int_common                       0x08000baf   Thumb Code   178  _printf_intcommon.o(.text)
    _printf_fp_dec_real                      0x08000e11   Thumb Code   620  _printf_fp_dec.o(.text)
    _printf_fp_hex_real                      0x0800107d   Thumb Code   756  _printf_fp_hex.o(.text)
    _printf_cs_common                        0x08001379   Thumb Code    20  _printf_char.o(.text)
    _printf_char                             0x0800138d   Thumb Code    16  _printf_char.o(.text)
    _printf_string                           0x0800139d   Thumb Code     8  _printf_char.o(.text)
    _printf_lcs_common                       0x080013a5   Thumb Code    20  _printf_wchar.o(.text)
    _printf_wchar                            0x080013b9   Thumb Code    16  _printf_wchar.o(.text)
    _printf_wstring                          0x080013c9   Thumb Code     8  _printf_wchar.o(.text)
    _c16rtomb                                0x080013d1   Thumb Code    72  _c16rtomb.o(.text)
    _wcrtomb                                 0x080013d1   Thumb Code     0  _c16rtomb.o(.text)
    __user_setup_stackheap                   0x08001419   Thumb Code    74  sys_stackheap_outer.o(.text)
    __rt_ctype_table                         0x08001465   Thumb Code    16  rt_ctype_table.o(.text)
    __rt_locale                              0x08001475   Thumb Code     8  rt_locale_intlibspace.o(.text)
    _printf_fp_infnan                        0x0800147d   Thumb Code   112  _printf_fp_infnan.o(.text)
    _btod_etento                             0x080014fd   Thumb Code   224  bigflt0.o(.text)
    exit                                     0x080015e1   Thumb Code    18  exit.o(.text)
    __user_libspace                          0x080015f5   Thumb Code     8  libspace.o(.text)
    __user_perproc_libspace                  0x080015f5   Thumb Code     0  libspace.o(.text)
    __user_perthread_libspace                0x080015f5   Thumb Code     0  libspace.o(.text)
    strcmp                                   0x08001601   Thumb Code   124  strcmpv7m_pel.o(.text)
    _sys_exit                                0x0800167d   Thumb Code     8  sys_exit.o(.text)
    __I$use$semihosting                      0x08001689   Thumb Code     0  use_no_semi.o(.text)
    __use_no_semihosting_swi                 0x08001689   Thumb Code     2  use_no_semi.o(.text)
    __semihosting_library_function           0x0800168b   Thumb Code     0  indicate_semi.o(.text)
    AD9959_SetAmp4Channel                    0x08001691   Thumb Code   200  ad9959.o(.text.AD9959_SetAmp4Channel)
    AD9959_SetFrequency4Channel              0x08001759   Thumb Code   232  ad9959.o(.text.AD9959_SetFrequency4Channel)
    AD9959_SetPhase4Channel                  0x08001849   Thumb Code   248  ad9959.o(.text.AD9959_SetPhase4Channel)
    ADC_ConfigureBoostMode                   0x08001949   Thumb Code   300  stm32h7xx_hal_adc.o(.text.ADC_ConfigureBoostMode)
    ADC_DMA_Output                           0x08001a79   Thumb Code   266  adc_custom.o(.text.ADC_DMA_Output)
    ADC_IRQHandler                           0x08001b89   Thumb Code    12  stm32h7xx_it.o(.text.ADC_IRQHandler)
    BusFault_Handler                         0x08001b99   Thumb Code     2  stm32h7xx_it.o(.text.BusFault_Handler)
    DMA1_Stream0_IRQHandler                  0x08001ba1   Thumb Code    24  stm32h7xx_it.o(.text.DMA1_Stream0_IRQHandler)
    DMA1_Stream1_IRQHandler                  0x08001bc9   Thumb Code    12  stm32h7xx_it.o(.text.DMA1_Stream1_IRQHandler)
    DebugMon_Handler                         0x08001d01   Thumb Code     2  stm32h7xx_it.o(.text.DebugMon_Handler)
    EXTI2_IRQHandler                         0x08001d09   Thumb Code     6  stm32h7xx_it.o(.text.EXTI2_IRQHandler)
    EXTI3_IRQHandler                         0x08001d11   Thumb Code     6  stm32h7xx_it.o(.text.EXTI3_IRQHandler)
    EXTI4_IRQHandler                         0x08001d19   Thumb Code     6  stm32h7xx_it.o(.text.EXTI4_IRQHandler)
    Error_Handler                            0x08001d21   Thumb Code    10  main.o(.text.Error_Handler)
    ExitRun0Mode                             0x08001d31   Thumb Code    44  system_stm32h7xx.o(.text.ExitRun0Mode)
    HAL_ADCEx_EndOfSamplingCallback          0x08001d61   Thumb Code     2  stm32h7xx_hal_adc_ex.o(.text.HAL_ADCEx_EndOfSamplingCallback)
    HAL_ADCEx_InjectedConvCpltCallback       0x08001d69   Thumb Code     2  stm32h7xx_hal_adc_ex.o(.text.HAL_ADCEx_InjectedConvCpltCallback)
    HAL_ADCEx_InjectedQueueOverflowCallback  0x08001d71   Thumb Code     2  stm32h7xx_hal_adc_ex.o(.text.HAL_ADCEx_InjectedQueueOverflowCallback)
    HAL_ADCEx_LevelOutOfWindow2Callback      0x08001d79   Thumb Code     2  stm32h7xx_hal_adc_ex.o(.text.HAL_ADCEx_LevelOutOfWindow2Callback)
    HAL_ADCEx_LevelOutOfWindow3Callback      0x08001d81   Thumb Code     2  stm32h7xx_hal_adc_ex.o(.text.HAL_ADCEx_LevelOutOfWindow3Callback)
    HAL_ADCEx_MultiModeConfigChannel         0x08001d89   Thumb Code   184  stm32h7xx_hal_adc_ex.o(.text.HAL_ADCEx_MultiModeConfigChannel)
    HAL_ADC_ConfigChannel                    0x08001e41   Thumb Code  1264  stm32h7xx_hal_adc.o(.text.HAL_ADC_ConfigChannel)
    HAL_ADC_ConvCpltCallback                 0x08002331   Thumb Code    30  adc_custom.o(.text.HAL_ADC_ConvCpltCallback)
    HAL_ADC_ErrorCallback                    0x08002351   Thumb Code     2  stm32h7xx_hal_adc.o(.text.HAL_ADC_ErrorCallback)
    HAL_ADC_IRQHandler                       0x08002359   Thumb Code   714  stm32h7xx_hal_adc.o(.text.HAL_ADC_IRQHandler)
    HAL_ADC_Init                             0x08002629   Thumb Code   598  stm32h7xx_hal_adc.o(.text.HAL_ADC_Init)
    HAL_ADC_LevelOutOfWindowCallback         0x08002881   Thumb Code     2  stm32h7xx_hal_adc.o(.text.HAL_ADC_LevelOutOfWindowCallback)
    HAL_ADC_MspInit                          0x08002889   Thumb Code   250  adc.o(.text.HAL_ADC_MspInit)
    HAL_DAC_ConfigChannel                    0x08002989   Thumb Code   372  stm32h7xx_hal_dac.o(.text.HAL_DAC_ConfigChannel)
    HAL_DAC_Init                             0x08002b01   Thumb Code    44  stm32h7xx_hal_dac.o(.text.HAL_DAC_Init)
    HAL_DAC_MspInit                          0x08002b31   Thumb Code   176  dac.o(.text.HAL_DAC_MspInit)
    HAL_DMA_Abort                            0x08002be1   Thumb Code  1318  stm32h7xx_hal_dma.o(.text.HAL_DMA_Abort)
    HAL_DMA_Abort_IT                         0x08003109   Thumb Code   694  stm32h7xx_hal_dma.o(.text.HAL_DMA_Abort_IT)
    HAL_DMA_IRQHandler                       0x080033c1   Thumb Code  2072  stm32h7xx_hal_dma.o(.text.HAL_DMA_IRQHandler)
    HAL_DMA_Init                             0x08003bd9   Thumb Code  1630  stm32h7xx_hal_dma.o(.text.HAL_DMA_Init)
    HAL_GPIO_EXTI_Callback                   0x08004239   Thumb Code   152  main.o(.text.HAL_GPIO_EXTI_Callback)
    HAL_GPIO_EXTI_IRQHandler                 0x08004301   Thumb Code    20  stm32h7xx_hal_gpio.o(.text.HAL_GPIO_EXTI_IRQHandler)
    HAL_GPIO_Init                            0x08004319   Thumb Code   422  stm32h7xx_hal_gpio.o(.text.HAL_GPIO_Init)
    HAL_GPIO_ReadPin                         0x080044c1   Thumb Code    10  stm32h7xx_hal_gpio.o(.text.HAL_GPIO_ReadPin)
    HAL_GPIO_TogglePin                       0x080044d1   Thumb Code    16  stm32h7xx_hal_gpio.o(.text.HAL_GPIO_TogglePin)
    HAL_GPIO_WritePin                        0x080044e1   Thumb Code    10  stm32h7xx_hal_gpio.o(.text.HAL_GPIO_WritePin)
    HAL_GetREVID                             0x080044f1   Thumb Code    14  stm32h7xx_hal.o(.text.HAL_GetREVID)
    HAL_GetTick                              0x08004501   Thumb Code    12  stm32h7xx_hal.o(.text.HAL_GetTick)
    HAL_IncTick                              0x08004511   Thumb Code    26  stm32h7xx_hal.o(.text.HAL_IncTick)
    HAL_Init                                 0x08004531   Thumb Code   100  stm32h7xx_hal.o(.text.HAL_Init)
    HAL_InitTick                             0x08004599   Thumb Code    80  stm32h7xx_hal.o(.text.HAL_InitTick)
    HAL_MPU_ConfigRegion                     0x080045e9   Thumb Code    94  stm32h7xx_hal_cortex.o(.text.HAL_MPU_ConfigRegion)
    HAL_MPU_Disable                          0x08004649   Thumb Code    26  stm32h7xx_hal_cortex.o(.text.HAL_MPU_Disable)
    HAL_MPU_Enable                           0x08004669   Thumb Code    32  stm32h7xx_hal_cortex.o(.text.HAL_MPU_Enable)
    HAL_MspInit                              0x08004689   Thumb Code    70  stm32h7xx_hal_msp.o(.text.HAL_MspInit)
    HAL_NVIC_EnableIRQ                       0x080046d1   Thumb Code    34  stm32h7xx_hal_cortex.o(.text.HAL_NVIC_EnableIRQ)
    HAL_NVIC_SetPriority                     0x080046f9   Thumb Code    90  stm32h7xx_hal_cortex.o(.text.HAL_NVIC_SetPriority)
    HAL_NVIC_SetPriorityGrouping             0x08004759   Thumb Code    32  stm32h7xx_hal_cortex.o(.text.HAL_NVIC_SetPriorityGrouping)
    HAL_PWREx_ConfigSupply                   0x08004779   Thumb Code    76  stm32h7xx_hal_pwr_ex.o(.text.HAL_PWREx_ConfigSupply)
    HAL_RCCEx_GetD3PCLK1Freq                 0x080047c9   Thumb Code    38  stm32h7xx_hal_rcc_ex.o(.text.HAL_RCCEx_GetD3PCLK1Freq)
    HAL_RCCEx_GetPLL1ClockFreq               0x080047f1   Thumb Code   280  stm32h7xx_hal_rcc_ex.o(.text.HAL_RCCEx_GetPLL1ClockFreq)
    HAL_RCCEx_GetPLL2ClockFreq               0x08004921   Thumb Code   280  stm32h7xx_hal_rcc_ex.o(.text.HAL_RCCEx_GetPLL2ClockFreq)
    HAL_RCCEx_GetPLL3ClockFreq               0x08004a49   Thumb Code   280  stm32h7xx_hal_rcc_ex.o(.text.HAL_RCCEx_GetPLL3ClockFreq)
    HAL_RCCEx_GetPeriphCLKFreq               0x08004b71   Thumb Code   940  stm32h7xx_hal_rcc_ex.o(.text.HAL_RCCEx_GetPeriphCLKFreq)
    HAL_RCCEx_PeriphCLKConfig                0x08004f21   Thumb Code  2828  stm32h7xx_hal_rcc_ex.o(.text.HAL_RCCEx_PeriphCLKConfig)
    HAL_RCC_ClockConfig                      0x08005a31   Thumb Code   596  stm32h7xx_hal_rcc.o(.text.HAL_RCC_ClockConfig)
    HAL_RCC_GetHCLKFreq                      0x08005c89   Thumb Code    76  stm32h7xx_hal_rcc.o(.text.HAL_RCC_GetHCLKFreq)
    HAL_RCC_GetPCLK1Freq                     0x08005cd9   Thumb Code    96  stm32h7xx_hal_rcc.o(.text.HAL_RCC_GetPCLK1Freq)
    HAL_RCC_GetPCLK2Freq                     0x08005d39   Thumb Code    96  stm32h7xx_hal_rcc.o(.text.HAL_RCC_GetPCLK2Freq)
    HAL_RCC_GetSysClockFreq                  0x08005d99   Thumb Code   264  stm32h7xx_hal_rcc.o(.text.HAL_RCC_GetSysClockFreq)
    HAL_RCC_OscConfig                        0x08005eb9   Thumb Code  1388  stm32h7xx_hal_rcc.o(.text.HAL_RCC_OscConfig)
    HAL_SYSCFG_AnalogSwitchConfig            0x08006429   Thumb Code    20  stm32h7xx_hal.o(.text.HAL_SYSCFG_AnalogSwitchConfig)
    HAL_SYSCFG_DisableVREFBUF                0x08006441   Thumb Code    18  stm32h7xx_hal.o(.text.HAL_SYSCFG_DisableVREFBUF)
    HAL_SYSCFG_VREFBUF_HighImpedanceConfig   0x08006459   Thumb Code    20  stm32h7xx_hal.o(.text.HAL_SYSCFG_VREFBUF_HighImpedanceConfig)
    HAL_SYSTICK_CLKSourceConfig              0x08006471   Thumb Code    24  stm32h7xx_hal_cortex.o(.text.HAL_SYSTICK_CLKSourceConfig)
    HAL_SYSTICK_Config                       0x08006489   Thumb Code    46  stm32h7xx_hal_cortex.o(.text.HAL_SYSTICK_Config)
    HAL_TIMEx_Break2Callback                 0x080064b9   Thumb Code     2  stm32h7xx_hal_tim_ex.o(.text.HAL_TIMEx_Break2Callback)
    HAL_TIMEx_BreakCallback                  0x080064c1   Thumb Code     2  stm32h7xx_hal_tim_ex.o(.text.HAL_TIMEx_BreakCallback)
    HAL_TIMEx_CommutCallback                 0x080064c9   Thumb Code     2  stm32h7xx_hal_tim_ex.o(.text.HAL_TIMEx_CommutCallback)
    HAL_TIMEx_ConfigBreakDeadTime            0x080064d1   Thumb Code   152  stm32h7xx_hal_tim_ex.o(.text.HAL_TIMEx_ConfigBreakDeadTime)
    HAL_TIMEx_MasterConfigSynchronization    0x08006569   Thumb Code   206  stm32h7xx_hal_tim_ex.o(.text.HAL_TIMEx_MasterConfigSynchronization)
    HAL_TIM_Base_Init                        0x08006639   Thumb Code    96  stm32h7xx_hal_tim.o(.text.HAL_TIM_Base_Init)
    HAL_TIM_Base_MspInit                     0x08006699   Thumb Code   102  tim.o(.text.HAL_TIM_Base_MspInit)
    HAL_TIM_ConfigClockSource                0x08006701   Thumb Code   512  stm32h7xx_hal_tim.o(.text.HAL_TIM_ConfigClockSource)
    HAL_TIM_IC_CaptureCallback               0x08006901   Thumb Code     2  stm32h7xx_hal_tim.o(.text.HAL_TIM_IC_CaptureCallback)
    HAL_TIM_IRQHandler                       0x08006909   Thumb Code   364  stm32h7xx_hal_tim.o(.text.HAL_TIM_IRQHandler)
    HAL_TIM_OC_DelayElapsedCallback          0x08006a79   Thumb Code     2  stm32h7xx_hal_tim.o(.text.HAL_TIM_OC_DelayElapsedCallback)
    HAL_TIM_PWM_ConfigChannel                0x08006a81   Thumb Code  1202  stm32h7xx_hal_tim.o(.text.HAL_TIM_PWM_ConfigChannel)
    HAL_TIM_PWM_Init                         0x08006f39   Thumb Code    96  stm32h7xx_hal_tim.o(.text.HAL_TIM_PWM_Init)
    HAL_TIM_PWM_MspInit                      0x08006f99   Thumb Code     2  stm32h7xx_hal_tim.o(.text.HAL_TIM_PWM_MspInit)
    HAL_TIM_PWM_PulseFinishedCallback        0x08006fa1   Thumb Code     2  stm32h7xx_hal_tim.o(.text.HAL_TIM_PWM_PulseFinishedCallback)
    HAL_TIM_PeriodElapsedCallback            0x08006fa9   Thumb Code     2  stm32h7xx_hal_tim.o(.text.HAL_TIM_PeriodElapsedCallback)
    HAL_TIM_TriggerCallback                  0x08006fb1   Thumb Code     2  stm32h7xx_hal_tim.o(.text.HAL_TIM_TriggerCallback)
    HAL_UARTEx_DisableFifoMode               0x08006fb9   Thumb Code    54  stm32h7xx_hal_uart_ex.o(.text.HAL_UARTEx_DisableFifoMode)
    HAL_UARTEx_RxEventCallback               0x08006ff1   Thumb Code     2  stm32h7xx_hal_uart.o(.text.HAL_UARTEx_RxEventCallback)
    HAL_UARTEx_RxFifoFullCallback            0x08006ff9   Thumb Code     2  stm32h7xx_hal_uart_ex.o(.text.HAL_UARTEx_RxFifoFullCallback)
    HAL_UARTEx_SetRxFifoThreshold            0x08007001   Thumb Code   140  stm32h7xx_hal_uart_ex.o(.text.HAL_UARTEx_SetRxFifoThreshold)
    HAL_UARTEx_SetTxFifoThreshold            0x08007091   Thumb Code   140  stm32h7xx_hal_uart_ex.o(.text.HAL_UARTEx_SetTxFifoThreshold)
    HAL_UARTEx_TxFifoEmptyCallback           0x08007121   Thumb Code     2  stm32h7xx_hal_uart_ex.o(.text.HAL_UARTEx_TxFifoEmptyCallback)
    HAL_UARTEx_WakeupCallback                0x08007129   Thumb Code     2  stm32h7xx_hal_uart_ex.o(.text.HAL_UARTEx_WakeupCallback)
    HAL_UART_ErrorCallback                   0x08007131   Thumb Code     2  stm32h7xx_hal_uart.o(.text.HAL_UART_ErrorCallback)
    HAL_UART_GetState                        0x08007139   Thumb Code    12  stm32h7xx_hal_uart.o(.text.HAL_UART_GetState)
    HAL_UART_IRQHandler                      0x08007149   Thumb Code  1674  stm32h7xx_hal_uart.o(.text.HAL_UART_IRQHandler)
    HAL_UART_Init                            0x080077d9   Thumb Code   100  stm32h7xx_hal_uart.o(.text.HAL_UART_Init)
    HAL_UART_MspInit                         0x08007841   Thumb Code   338  usart.o(.text.HAL_UART_MspInit)
    HAL_UART_Receive_IT                      0x08007999   Thumb Code   172  stm32h7xx_hal_uart.o(.text.HAL_UART_Receive_IT)
    HAL_UART_RxCpltCallback                  0x08007a49   Thumb Code   208  serial.o(.text.HAL_UART_RxCpltCallback)
    HAL_UART_Transmit                        0x08007b19   Thumb Code   426  stm32h7xx_hal_uart.o(.text.HAL_UART_Transmit)
    HAL_UART_TxCpltCallback                  0x08007cc9   Thumb Code     2  stm32h7xx_hal_uart.o(.text.HAL_UART_TxCpltCallback)
    HardFault_Handler                        0x08007cd1   Thumb Code     2  stm32h7xx_it.o(.text.HardFault_Handler)
    IO_Update                                0x08007cd9   Thumb Code    44  ad9959.o(.text.IO_Update)
    Init_AD9959                              0x08007d09   Thumb Code   126  ad9959.o(.text.Init_AD9959)
    MX_ADC1_Init                             0x08007d89   Thumb Code   180  adc.o(.text.MX_ADC1_Init)
    MX_DAC1_Init                             0x08007e41   Thumb Code    80  dac.o(.text.MX_DAC1_Init)
    MX_DMA_Init                              0x08007e91   Thumb Code    68  dma.o(.text.MX_DMA_Init)
    MX_GPIO_Init                             0x08007ed9   Thumb Code   348  gpio.o(.text.MX_GPIO_Init)
    MX_TIM1_Init                             0x08008039   Thumb Code   258  tim.o(.text.MX_TIM1_Init)
    MX_TIM2_Init                             0x08008141   Thumb Code   188  tim.o(.text.MX_TIM2_Init)
    MX_UART4_Init                            0x08008201   Thumb Code   124  usart.o(.text.MX_UART4_Init)
    MX_UART5_Init                            0x08008281   Thumb Code   124  usart.o(.text.MX_UART5_Init)
    MX_USART1_UART_Init                      0x08008301   Thumb Code   124  usart.o(.text.MX_USART1_UART_Init)
    MemManage_Handler                        0x08008381   Thumb Code     2  stm32h7xx_it.o(.text.MemManage_Handler)
    NMI_Handler                              0x08008389   Thumb Code     2  stm32h7xx_it.o(.text.NMI_Handler)
    PendSV_Handler                           0x08008391   Thumb Code     2  stm32h7xx_it.o(.text.PendSV_Handler)
    SVC_Handler                              0x080085e9   Thumb Code     2  stm32h7xx_it.o(.text.SVC_Handler)
    Screen_SendArr                           0x080085f1   Thumb Code  1386  serial.o(.text.Screen_SendArr)
    Screen_SendArrToShow                     0x08008b61   Thumb Code  2730  serial.o(.text.Screen_SendArrToShow)
    Screen_SendStr                           0x08009611   Thumb Code  1380  serial.o(.text.Screen_SendStr)
    Serial_printf                            0x08009b79   Thumb Code   118  serial.o(.text.Serial_printf)
    Serial_printf_t                          0x08009bf1   Thumb Code   178  serial.o(.text.Serial_printf_t)
    SysTick_Handler                          0x08009ca9   Thumb Code     4  stm32h7xx_it.o(.text.SysTick_Handler)
    SystemClock_Config                       0x08009cb1   Thumb Code   224  main.o(.text.SystemClock_Config)
    SystemInit                               0x08009d91   Thumb Code   238  system_stm32h7xx.o(.text.SystemInit)
    TIM1_UP_IRQHandler                       0x08009e81   Thumb Code    12  stm32h7xx_it.o(.text.TIM1_UP_IRQHandler)
    TIM_Base_SetConfig                       0x08009e91   Thumb Code   334  stm32h7xx_hal_tim.o(.text.TIM_Base_SetConfig)
    UART4_IRQHandler                         0x08009fe1   Thumb Code    12  stm32h7xx_it.o(.text.UART4_IRQHandler)
    UART5_IRQHandler                         0x08009ff1   Thumb Code    88  stm32h7xx_it.o(.text.UART5_IRQHandler)
    UART_AdvFeatureConfig                    0x0800a049   Thumb Code   224  stm32h7xx_hal_uart.o(.text.UART_AdvFeatureConfig)
    UART_CheckIdleState                      0x0800a129   Thumb Code   366  stm32h7xx_hal_uart.o(.text.UART_CheckIdleState)
    UART_SetConfig                           0x0800acb9   Thumb Code  1152  stm32h7xx_hal_uart.o(.text.UART_SetConfig)
    UART_Start_Receive_IT                    0x0800b141   Thumb Code   628  stm32h7xx_hal_uart.o(.text.UART_Start_Receive_IT)
    UART_WaitOnFlagUntilTimeout              0x0800b3b9   Thumb Code   856  stm32h7xx_hal_uart.o(.text.UART_WaitOnFlagUntilTimeout)
    USART1_IRQHandler                        0x0800b711   Thumb Code    88  stm32h7xx_it.o(.text.USART1_IRQHandler)
    UsageFault_Handler                       0x0800b769   Thumb Code     2  stm32h7xx_it.o(.text.UsageFault_Handler)
    WriteData_AD9959                         0x0800b771   Thumb Code   628  ad9959.o(.text.WriteData_AD9959)
    Write_Amplitude                          0x0800b9e9   Thumb Code    68  ad9959.o(.text.Write_Amplitude)
    Write_Phase                              0x0800ba31   Thumb Code    88  ad9959.o(.text.Write_Phase)
    Write_frequence                          0x0800ba91   Thumb Code    80  ad9959.o(.text.Write_frequence)
    delay_init                               0x0800bae9   Thumb Code    22  delay.o(.text.delay_init)
    delay_ms                                 0x0800bb01   Thumb Code   110  delay.o(.text.delay_ms)
    main                                     0x0800bb71   Thumb Code   224  main.o(.text.main)
    print4screen                             0x0800bc89   Thumb Code   176  serial.o(.text.print4screen)
    print4serial                             0x0800bd51   Thumb Code   356  serial.o(.text.print4serial)
    _btod_d2e                                0x0800bec5   Thumb Code    62  btod.o(CL$$btod_d2e)
    _d2e_denorm_low                          0x0800bf03   Thumb Code    70  btod.o(CL$$btod_d2e_denorm_low)
    _d2e_norm_op1                            0x0800bf49   Thumb Code    96  btod.o(CL$$btod_d2e_norm_op1)
    __btod_div_common                        0x0800bfa9   Thumb Code   696  btod.o(CL$$btod_div_common)
    _e2e                                     0x0800c2e1   Thumb Code   220  btod.o(CL$$btod_e2e)
    _btod_ediv                               0x0800c3bd   Thumb Code    42  btod.o(CL$$btod_ediv)
    _btod_emul                               0x0800c3e7   Thumb Code    42  btod.o(CL$$btod_emul)
    __btod_mult_common                       0x0800c411   Thumb Code   580  btod.o(CL$$btod_mult_common)
    __ARM_fpclassify                         0x0800c655   Thumb Code    48  fpclassify.o(i.__ARM_fpclassify)
    _is_digit                                0x0800c685   Thumb Code    14  __printf_wp.o(i._is_digit)
    _get_lc_numeric                          0x0800c695   Thumb Code    44  lc_numeric_c.o(locale$$code)
    _get_lc_ctype                            0x0800c6c1   Thumb Code    44  lc_ctype_c.o(locale$$code)
    _fp_init                                 0x0800c6ed   Thumb Code    26  fpinit.o(x$fpl$fpinit)
    __fplib_config_fpu_vfp                   0x0800c705   Thumb Code     0  fpinit.o(x$fpl$fpinit)
    __fplib_config_pureend_doubles           0x0800c705   Thumb Code     0  fpinit.o(x$fpl$fpinit)
    _printf_fp_dec                           0x0800c707   Thumb Code     4  printf1.o(x$fpl$printf1)
    _printf_fp_hex                           0x0800c70b   Thumb Code     4  printf2.o(x$fpl$printf2)
    __I$use$fp                               0x0800c70e   Number         0  usenofp.o(x$fpl$usenofp)
    D1CorePrescTable                         0x0800c828   Data          16  system_stm32h7xx.o(.rodata.D1CorePrescTable)
    UARTPrescTable                           0x0800c838   Data          24  stm32h7xx_hal_uart.o(.rodata.UARTPrescTable)
    Region$$Table$$Base                      0x0800c86c   Number         0  anon$$obj.o(Region$$Table)
    Region$$Table$$Limit                     0x0800c88c   Number         0  anon$$obj.o(Region$$Table)
    __ctype                                  0x0800c8b5   Data           0  lc_ctype_c.o(locale$$data)
    CW_fre                                   0x24000000   Data           4  main.o(.data..L_MergedGlobals)
    CW_amp                                   0x24000004   Data           4  main.o(.data..L_MergedGlobals)
    uwTickFreq                               0x24000008   Data           1  stm32h7xx_hal.o(.data..L_MergedGlobals)
    uwTickPrio                               0x2400000c   Data           4  stm32h7xx_hal.o(.data..L_MergedGlobals)
    SystemCoreClock                          0x24000010   Data           4  system_stm32h7xx.o(.data..L_MergedGlobals)
    SystemD2Clock                            0x24000014   Data           4  system_stm32h7xx.o(.data..L_MergedGlobals)
    huart_debug                              0x24000018   Data           4  serial.o(.data..L_MergedGlobals)
    huart_screen                             0x2400001c   Data           4  serial.o(.data..L_MergedGlobals)
    CSR_DATA0                                0x24000020   Data           1  ad9959.o(.data..L_MergedGlobals)
    CSR_DATA1                                0x24000021   Data           1  ad9959.o(.data..L_MergedGlobals)
    CSR_DATA2                                0x24000022   Data           1  ad9959.o(.data..L_MergedGlobals)
    CSR_DATA3                                0x24000023   Data           1  ad9959.o(.data..L_MergedGlobals)
    FR2_DATA                                 0x24000024   Data           2  ad9959.o(.data..L_MergedGlobals)
    FR1_DATA                                 0x24000026   Data           3  ad9959.o(.data..L_MergedGlobals)
    ADC_DATA_LENGTH_HLF                      0x2400002a   Data           2  adc_custom.o(.data.ADC_DATA_LENGTH_HLF)
    __libspace_start                         0x24000030   Data          96  libspace.o(.bss)
    __temporary_stack_top$libspace           0x24000090   Data           0  libspace.o(.bss)
    tmp_Byte                                 0x24000090   Data           1  serial.o(.bss..L_MergedGlobals.7)
    aRxBuffer                                0x24000091   Data           1  serial.o(.bss..L_MergedGlobals.7)
    aRxBuffer5                               0x24000092   Data           1  serial.o(.bss..L_MergedGlobals.7)
    USART_DBG_RX_STA                         0x24000094   Data           2  serial.o(.bss..L_MergedGlobals.7)
    USART_SCR_RX_STA                         0x24000096   Data           2  serial.o(.bss..L_MergedGlobals.7)
    uart_rx_len                              0x24000098   Data           2  serial.o(.bss..L_MergedGlobals.7)
    CPOW0_DATA                               0x2400009a   Data           2  ad9959.o(.bss.CPOW0_DATA)
    USART_DBG_RX_BUF                         0x2400009c   Data        1500  serial.o(.bss.USART_DBG_RX_BUF)
    USART_SCR_RX_BUF                         0x24000678   Data        1500  serial.o(.bss.USART_SCR_RX_BUF)
    g_adc1_dma_complete_flag                 0x24000c58   Data           1  adc_custom.o(.bss.g_adc1_dma_complete_flag)
    g_adc1_dma_data1                         0x24000c5c   Data        3200  adc_custom.o(.bss.g_adc1_dma_data1)
    hadc1                                    0x240018dc   Data         100  adc.o(.bss.hadc1)
    hdac1                                    0x24001940   Data          20  dac.o(.bss.hdac1)
    hdma_adc1                                0x24001954   Data         120  adc.o(.bss.hdma_adc1)
    hdma_dac1_ch1                            0x240019cc   Data         120  dac.o(.bss.hdma_dac1_ch1)
    htim1                                    0x24001a44   Data          76  tim.o(.bss.htim1)
    htim2                                    0x24001a90   Data          76  tim.o(.bss.htim2)
    huart1                                   0x24001adc   Data         148  usart.o(.bss.huart1)
    huart4                                   0x24001b70   Data         148  usart.o(.bss.huart4)
    huart5                                   0x24001c04   Data         148  usart.o(.bss.huart5)
    led1_status                              0x24001c98   Data           1  key2.o(.bss.led1_status)
    led2_status                              0x24001c99   Data           1  key2.o(.bss.led2_status)
    uwTick                                   0x24001c9c   Data           4  stm32h7xx_hal.o(.bss.uwTick)



==============================================================================

Memory Map of the image

  Image Entry point : 0x08000299

  Load Region LR_IROM1 (Base: 0x08000000, Size: 0x0000c9e8, Max: 0x00020000, ABSOLUTE)

    Execution Region ER_IROM1 (Exec base: 0x08000000, Load base: 0x08000000, Size: 0x0000c9b8, Max: 0x00020000, ABSOLUTE)

    Exec Addr    Load Addr    Size         Type   Attr      Idx    E Section Name        Object

    0x08000000   0x08000000   0x00000298   Data   RO            3    RESET               startup_stm32h750xx.o
    0x08000298   0x08000298   0x00000008   Code   RO         1939  * !!!main             c_w.l(__main.o)
    0x080002a0   0x080002a0   0x0000005c   Code   RO         2286    !!!scatter          c_w.l(__scatter.o)
    0x080002fc   0x080002fc   0x0000001a   Code   RO         2290    !!handler_copy      c_w.l(__scatter_copy.o)
    0x08000316   0x08000316   0x00000002   PAD
    0x08000318   0x08000318   0x00000002   Code   RO         2287    !!handler_null      c_w.l(__scatter.o)
    0x0800031a   0x0800031a   0x00000002   PAD
    0x0800031c   0x0800031c   0x0000001c   Code   RO         2292    !!handler_zi        c_w.l(__scatter_zi.o)
    0x08000338   0x08000338   0x00000000   Code   RO         2027    .ARM.Collect$$_printf_percent$$00000000  c_w.l(_printf_percent.o)
    0x08000338   0x08000338   0x00000006   Code   RO         2016    .ARM.Collect$$_printf_percent$$00000001  c_w.l(_printf_n.o)
    0x0800033e   0x0800033e   0x00000006   Code   RO         2018    .ARM.Collect$$_printf_percent$$00000002  c_w.l(_printf_p.o)
    0x08000344   0x08000344   0x00000006   Code   RO         2023    .ARM.Collect$$_printf_percent$$00000003  c_w.l(_printf_f.o)
    0x0800034a   0x0800034a   0x00000006   Code   RO         2024    .ARM.Collect$$_printf_percent$$00000004  c_w.l(_printf_e.o)
    0x08000350   0x08000350   0x00000006   Code   RO         2025    .ARM.Collect$$_printf_percent$$00000005  c_w.l(_printf_g.o)
    0x08000356   0x08000356   0x00000006   Code   RO         2026    .ARM.Collect$$_printf_percent$$00000006  c_w.l(_printf_a.o)
    0x0800035c   0x0800035c   0x0000000a   Code   RO         2031    .ARM.Collect$$_printf_percent$$00000007  c_w.l(_printf_ll.o)
    0x08000366   0x08000366   0x00000006   Code   RO         2020    .ARM.Collect$$_printf_percent$$00000008  c_w.l(_printf_i.o)
    0x0800036c   0x0800036c   0x00000006   Code   RO         2021    .ARM.Collect$$_printf_percent$$00000009  c_w.l(_printf_d.o)
    0x08000372   0x08000372   0x00000006   Code   RO         2022    .ARM.Collect$$_printf_percent$$0000000A  c_w.l(_printf_u.o)
    0x08000378   0x08000378   0x00000006   Code   RO         2019    .ARM.Collect$$_printf_percent$$0000000B  c_w.l(_printf_o.o)
    0x0800037e   0x0800037e   0x00000006   Code   RO         2017    .ARM.Collect$$_printf_percent$$0000000C  c_w.l(_printf_x.o)
    0x08000384   0x08000384   0x00000006   Code   RO         2028    .ARM.Collect$$_printf_percent$$0000000D  c_w.l(_printf_lli.o)
    0x0800038a   0x0800038a   0x00000006   Code   RO         2029    .ARM.Collect$$_printf_percent$$0000000E  c_w.l(_printf_lld.o)
    0x08000390   0x08000390   0x00000006   Code   RO         2030    .ARM.Collect$$_printf_percent$$0000000F  c_w.l(_printf_llu.o)
    0x08000396   0x08000396   0x00000006   Code   RO         2035    .ARM.Collect$$_printf_percent$$00000010  c_w.l(_printf_llo.o)
    0x0800039c   0x0800039c   0x00000006   Code   RO         2036    .ARM.Collect$$_printf_percent$$00000011  c_w.l(_printf_llx.o)
    0x080003a2   0x080003a2   0x0000000a   Code   RO         2032    .ARM.Collect$$_printf_percent$$00000012  c_w.l(_printf_l.o)
    0x080003ac   0x080003ac   0x00000006   Code   RO         2014    .ARM.Collect$$_printf_percent$$00000013  c_w.l(_printf_c.o)
    0x080003b2   0x080003b2   0x00000006   Code   RO         2015    .ARM.Collect$$_printf_percent$$00000014  c_w.l(_printf_s.o)
    0x080003b8   0x080003b8   0x00000006   Code   RO         2033    .ARM.Collect$$_printf_percent$$00000015  c_w.l(_printf_lc.o)
    0x080003be   0x080003be   0x00000006   Code   RO         2034    .ARM.Collect$$_printf_percent$$00000016  c_w.l(_printf_ls.o)
    0x080003c4   0x080003c4   0x00000004   Code   RO         2079    .ARM.Collect$$_printf_percent$$00000017  c_w.l(_printf_percent_end.o)
    0x080003c8   0x080003c8   0x00000002   Code   RO         2134    .ARM.Collect$$libinit$$00000000  c_w.l(libinit.o)
    0x080003ca   0x080003ca   0x00000004   Code   RO         2158    .ARM.Collect$$libinit$$00000001  c_w.l(libinit2.o)
    0x080003ce   0x080003ce   0x00000000   Code   RO         2161    .ARM.Collect$$libinit$$00000004  c_w.l(libinit2.o)
    0x080003ce   0x080003ce   0x00000000   Code   RO         2163    .ARM.Collect$$libinit$$00000006  c_w.l(libinit2.o)
    0x080003ce   0x080003ce   0x00000000   Code   RO         2166    .ARM.Collect$$libinit$$0000000C  c_w.l(libinit2.o)
    0x080003ce   0x080003ce   0x00000000   Code   RO         2168    .ARM.Collect$$libinit$$0000000E  c_w.l(libinit2.o)
    0x080003ce   0x080003ce   0x00000000   Code   RO         2170    .ARM.Collect$$libinit$$00000010  c_w.l(libinit2.o)
    0x080003ce   0x080003ce   0x00000006   Code   RO         2171    .ARM.Collect$$libinit$$00000011  c_w.l(libinit2.o)
    0x080003d4   0x080003d4   0x00000000   Code   RO         2173    .ARM.Collect$$libinit$$00000013  c_w.l(libinit2.o)
    0x080003d4   0x080003d4   0x0000000c   Code   RO         2174    .ARM.Collect$$libinit$$00000014  c_w.l(libinit2.o)
    0x080003e0   0x080003e0   0x00000000   Code   RO         2175    .ARM.Collect$$libinit$$00000015  c_w.l(libinit2.o)
    0x080003e0   0x080003e0   0x00000000   Code   RO         2177    .ARM.Collect$$libinit$$00000017  c_w.l(libinit2.o)
    0x080003e0   0x080003e0   0x0000000a   Code   RO         2178    .ARM.Collect$$libinit$$00000018  c_w.l(libinit2.o)
    0x080003ea   0x080003ea   0x00000000   Code   RO         2179    .ARM.Collect$$libinit$$00000019  c_w.l(libinit2.o)
    0x080003ea   0x080003ea   0x00000000   Code   RO         2181    .ARM.Collect$$libinit$$0000001B  c_w.l(libinit2.o)
    0x080003ea   0x080003ea   0x00000000   Code   RO         2183    .ARM.Collect$$libinit$$0000001D  c_w.l(libinit2.o)
    0x080003ea   0x080003ea   0x00000000   Code   RO         2185    .ARM.Collect$$libinit$$0000001F  c_w.l(libinit2.o)
    0x080003ea   0x080003ea   0x00000000   Code   RO         2187    .ARM.Collect$$libinit$$00000021  c_w.l(libinit2.o)
    0x080003ea   0x080003ea   0x00000000   Code   RO         2189    .ARM.Collect$$libinit$$00000023  c_w.l(libinit2.o)
    0x080003ea   0x080003ea   0x00000000   Code   RO         2191    .ARM.Collect$$libinit$$00000025  c_w.l(libinit2.o)
    0x080003ea   0x080003ea   0x00000000   Code   RO         2193    .ARM.Collect$$libinit$$00000027  c_w.l(libinit2.o)
    0x080003ea   0x080003ea   0x00000000   Code   RO         2197    .ARM.Collect$$libinit$$0000002E  c_w.l(libinit2.o)
    0x080003ea   0x080003ea   0x00000000   Code   RO         2199    .ARM.Collect$$libinit$$00000030  c_w.l(libinit2.o)
    0x080003ea   0x080003ea   0x00000000   Code   RO         2201    .ARM.Collect$$libinit$$00000032  c_w.l(libinit2.o)
    0x080003ea   0x080003ea   0x00000000   Code   RO         2203    .ARM.Collect$$libinit$$00000034  c_w.l(libinit2.o)
    0x080003ea   0x080003ea   0x00000002   Code   RO         2204    .ARM.Collect$$libinit$$00000035  c_w.l(libinit2.o)
    0x080003ec   0x080003ec   0x00000002   Code   RO         2241    .ARM.Collect$$libshutdown$$00000000  c_w.l(libshutdown.o)
    0x080003ee   0x080003ee   0x00000000   Code   RO         2269    .ARM.Collect$$libshutdown$$00000002  c_w.l(libshutdown2.o)
    0x080003ee   0x080003ee   0x00000000   Code   RO         2271    .ARM.Collect$$libshutdown$$00000004  c_w.l(libshutdown2.o)
    0x080003ee   0x080003ee   0x00000000   Code   RO         2274    .ARM.Collect$$libshutdown$$00000007  c_w.l(libshutdown2.o)
    0x080003ee   0x080003ee   0x00000000   Code   RO         2277    .ARM.Collect$$libshutdown$$0000000A  c_w.l(libshutdown2.o)
    0x080003ee   0x080003ee   0x00000000   Code   RO         2279    .ARM.Collect$$libshutdown$$0000000C  c_w.l(libshutdown2.o)
    0x080003ee   0x080003ee   0x00000000   Code   RO         2282    .ARM.Collect$$libshutdown$$0000000F  c_w.l(libshutdown2.o)
    0x080003ee   0x080003ee   0x00000002   Code   RO         2283    .ARM.Collect$$libshutdown$$00000010  c_w.l(libshutdown2.o)
    0x080003f0   0x080003f0   0x00000000   Code   RO         1941    .ARM.Collect$$rtentry$$00000000  c_w.l(__rtentry.o)
    0x080003f0   0x080003f0   0x00000000   Code   RO         2046    .ARM.Collect$$rtentry$$00000002  c_w.l(__rtentry2.o)
    0x080003f0   0x080003f0   0x00000006   Code   RO         2058    .ARM.Collect$$rtentry$$00000004  c_w.l(__rtentry4.o)
    0x080003f6   0x080003f6   0x00000000   Code   RO         2048    .ARM.Collect$$rtentry$$00000009  c_w.l(__rtentry2.o)
    0x080003f6   0x080003f6   0x00000004   Code   RO         2049    .ARM.Collect$$rtentry$$0000000A  c_w.l(__rtentry2.o)
    0x080003fa   0x080003fa   0x00000000   Code   RO         2051    .ARM.Collect$$rtentry$$0000000C  c_w.l(__rtentry2.o)
    0x080003fa   0x080003fa   0x00000008   Code   RO         2052    .ARM.Collect$$rtentry$$0000000D  c_w.l(__rtentry2.o)
    0x08000402   0x08000402   0x00000002   Code   RO         2143    .ARM.Collect$$rtexit$$00000000  c_w.l(rtexit.o)
    0x08000404   0x08000404   0x00000000   Code   RO         2210    .ARM.Collect$$rtexit$$00000002  c_w.l(rtexit2.o)
    0x08000404   0x08000404   0x00000004   Code   RO         2211    .ARM.Collect$$rtexit$$00000003  c_w.l(rtexit2.o)
    0x08000408   0x08000408   0x00000006   Code   RO         2212    .ARM.Collect$$rtexit$$00000004  c_w.l(rtexit2.o)
    0x0800040e   0x0800040e   0x00000002   PAD
    0x08000410   0x08000410   0x00000048   Code   RO            4    .text               startup_stm32h750xx.o
    0x08000458   0x08000458   0x000000f0   Code   RO         1931    .text               c_w.l(lludivv7m.o)
    0x08000548   0x08000548   0x00000024   Code   RO         1933    .text               c_w.l(vsprintf.o)
    0x0800056c   0x0800056c   0x0000004e   Code   RO         1935    .text               c_w.l(rt_memclr_w.o)
    0x080005ba   0x080005ba   0x00000006   Code   RO         1937    .text               c_w.l(heapauxi.o)
    0x080005c0   0x080005c0   0x0000004e   Code   RO         1948    .text               c_w.l(_printf_pad.o)
    0x0800060e   0x0800060e   0x00000024   Code   RO         1950    .text               c_w.l(_printf_truncate.o)
    0x08000632   0x08000632   0x00000052   Code   RO         1952    .text               c_w.l(_printf_str.o)
    0x08000684   0x08000684   0x00000078   Code   RO         1954    .text               c_w.l(_printf_dec.o)
    0x080006fc   0x080006fc   0x00000028   Code   RO         1956    .text               c_w.l(_printf_charcount.o)
    0x08000724   0x08000724   0x00000030   Code   RO         1958    .text               c_w.l(_printf_char_common.o)
    0x08000754   0x08000754   0x0000000a   Code   RO         1960    .text               c_w.l(_sputc.o)
    0x0800075e   0x0800075e   0x00000002   PAD
    0x08000760   0x08000760   0x000000bc   Code   RO         1962    .text               c_w.l(_printf_wctomb.o)
    0x0800081c   0x0800081c   0x0000007c   Code   RO         1965    .text               c_w.l(_printf_longlong_dec.o)
    0x08000898   0x08000898   0x00000070   Code   RO         1971    .text               c_w.l(_printf_oct_int_ll.o)
    0x08000908   0x08000908   0x00000094   Code   RO         1991    .text               c_w.l(_printf_hex_int_ll_ptr.o)
    0x0800099c   0x0800099c   0x00000188   Code   RO         2011    .text               c_w.l(__printf_flags_ss_wp.o)
    0x08000b24   0x08000b24   0x0000008a   Code   RO         2062    .text               c_w.l(lludiv10.o)
    0x08000bae   0x08000bae   0x000000b2   Code   RO         2064    .text               c_w.l(_printf_intcommon.o)
    0x08000c60   0x08000c60   0x0000041c   Code   RO         2066    .text               c_w.l(_printf_fp_dec.o)
    0x0800107c   0x0800107c   0x000002fc   Code   RO         2070    .text               c_w.l(_printf_fp_hex.o)
    0x08001378   0x08001378   0x0000002c   Code   RO         2075    .text               c_w.l(_printf_char.o)
    0x080013a4   0x080013a4   0x0000002c   Code   RO         2077    .text               c_w.l(_printf_wchar.o)
    0x080013d0   0x080013d0   0x00000048   Code   RO         2080    .text               c_w.l(_c16rtomb.o)
    0x08001418   0x08001418   0x0000004a   Code   RO         2082    .text               c_w.l(sys_stackheap_outer.o)
    0x08001462   0x08001462   0x00000002   PAD
    0x08001464   0x08001464   0x00000010   Code   RO         2084    .text               c_w.l(rt_ctype_table.o)
    0x08001474   0x08001474   0x00000008   Code   RO         2089    .text               c_w.l(rt_locale_intlibspace.o)
    0x0800147c   0x0800147c   0x00000080   Code   RO         2091    .text               c_w.l(_printf_fp_infnan.o)
    0x080014fc   0x080014fc   0x000000e4   Code   RO         2093    .text               c_w.l(bigflt0.o)
    0x080015e0   0x080015e0   0x00000012   Code   RO         2123    .text               c_w.l(exit.o)
    0x080015f2   0x080015f2   0x00000002   PAD
    0x080015f4   0x080015f4   0x00000008   Code   RO         2140    .text               c_w.l(libspace.o)
    0x080015fc   0x080015fc   0x00000004   PAD
    0x08001600   0x08001600   0x0000007c   Code   RO         2156    .text               c_w.l(strcmpv7m_pel.o)
    0x0800167c   0x0800167c   0x0000000c   Code   RO         2205    .text               c_w.l(sys_exit.o)
    0x08001688   0x08001688   0x00000002   Code   RO         2230    .text               c_w.l(use_no_semi.o)
    0x0800168a   0x0800168a   0x00000000   Code   RO         2232    .text               c_w.l(indicate_semi.o)
    0x0800168a   0x0800168a   0x00000006   PAD
    0x08001690   0x08001690   0x000000c8   Code   RO         1862    .text.AD9959_SetAmp4Channel  ad9959.o
    0x08001758   0x08001758   0x000000f0   Code   RO         1860    .text.AD9959_SetFrequency4Channel  ad9959.o
    0x08001848   0x08001848   0x00000100   Code   RO         1864    .text.AD9959_SetPhase4Channel  ad9959.o
    0x08001948   0x08001948   0x0000012c   Code   RO          176    .text.ADC_ConfigureBoostMode  stm32h7xx_hal_adc.o
    0x08001a74   0x08001a74   0x00000004   PAD
    0x08001a78   0x08001a78   0x0000010a   Code   RO         1916    .text.ADC_DMA_Output  adc_custom.o
    0x08001b82   0x08001b82   0x00000006   PAD
    0x08001b88   0x08001b88   0x0000000c   Code   RO          146    .text.ADC_IRQHandler  stm32h7xx_it.o
    0x08001b94   0x08001b94   0x00000004   PAD
    0x08001b98   0x08001b98   0x00000002   Code   RO          124    .text.BusFault_Handler  stm32h7xx_it.o
    0x08001b9a   0x08001b9a   0x00000006   PAD
    0x08001ba0   0x08001ba0   0x00000024   Code   RO          142    .text.DMA1_Stream0_IRQHandler  stm32h7xx_it.o
    0x08001bc4   0x08001bc4   0x00000004   PAD
    0x08001bc8   0x08001bc8   0x0000000c   Code   RO          144    .text.DMA1_Stream1_IRQHandler  stm32h7xx_it.o
    0x08001bd4   0x08001bd4   0x00000004   PAD
    0x08001bd8   0x08001bd8   0x00000128   Code   RO          523    .text.DMA_CalcBaseAndBitshift  stm32h7xx_hal_dma.o
    0x08001d00   0x08001d00   0x00000002   Code   RO          130    .text.DebugMon_Handler  stm32h7xx_it.o
    0x08001d02   0x08001d02   0x00000006   PAD
    0x08001d08   0x08001d08   0x00000006   Code   RO          136    .text.EXTI2_IRQHandler  stm32h7xx_it.o
    0x08001d0e   0x08001d0e   0x00000002   PAD
    0x08001d10   0x08001d10   0x00000006   Code   RO          138    .text.EXTI3_IRQHandler  stm32h7xx_it.o
    0x08001d16   0x08001d16   0x00000002   PAD
    0x08001d18   0x08001d18   0x00000006   Code   RO          140    .text.EXTI4_IRQHandler  stm32h7xx_it.o
    0x08001d1e   0x08001d1e   0x00000002   PAD
    0x08001d20   0x08001d20   0x0000000a   Code   RO           17    .text.Error_Handler  main.o
    0x08001d2a   0x08001d2a   0x00000006   PAD
    0x08001d30   0x08001d30   0x0000002c   Code   RO         1728    .text.ExitRun0Mode  system_stm32h7xx.o
    0x08001d5c   0x08001d5c   0x00000004   PAD
    0x08001d60   0x08001d60   0x00000002   Code   RO          276    .text.HAL_ADCEx_EndOfSamplingCallback  stm32h7xx_hal_adc_ex.o
    0x08001d62   0x08001d62   0x00000006   PAD
    0x08001d68   0x08001d68   0x00000002   Code   RO          268    .text.HAL_ADCEx_InjectedConvCpltCallback  stm32h7xx_hal_adc_ex.o
    0x08001d6a   0x08001d6a   0x00000006   PAD
    0x08001d70   0x08001d70   0x00000002   Code   RO          270    .text.HAL_ADCEx_InjectedQueueOverflowCallback  stm32h7xx_hal_adc_ex.o
    0x08001d72   0x08001d72   0x00000006   PAD
    0x08001d78   0x08001d78   0x00000002   Code   RO          272    .text.HAL_ADCEx_LevelOutOfWindow2Callback  stm32h7xx_hal_adc_ex.o
    0x08001d7a   0x08001d7a   0x00000006   PAD
    0x08001d80   0x08001d80   0x00000002   Code   RO          274    .text.HAL_ADCEx_LevelOutOfWindow3Callback  stm32h7xx_hal_adc_ex.o
    0x08001d82   0x08001d82   0x00000006   PAD
    0x08001d88   0x08001d88   0x000000b8   Code   RO          288    .text.HAL_ADCEx_MultiModeConfigChannel  stm32h7xx_hal_adc_ex.o
    0x08001e40   0x08001e40   0x000004f0   Code   RO          222    .text.HAL_ADC_ConfigChannel  stm32h7xx_hal_adc.o
    0x08002330   0x08002330   0x0000001e   Code   RO         1912    .text.HAL_ADC_ConvCpltCallback  adc_custom.o
    0x0800234e   0x0800234e   0x00000002   PAD
    0x08002350   0x08002350   0x00000002   Code   RO          218    .text.HAL_ADC_ErrorCallback  stm32h7xx_hal_adc.o
    0x08002352   0x08002352   0x00000006   PAD
    0x08002358   0x08002358   0x000002ca   Code   RO          212    .text.HAL_ADC_IRQHandler  stm32h7xx_hal_adc.o
    0x08002622   0x08002622   0x00000006   PAD
    0x08002628   0x08002628   0x00000256   Code   RO          172    .text.HAL_ADC_Init  stm32h7xx_hal_adc.o
    0x0800287e   0x0800287e   0x00000002   PAD
    0x08002880   0x08002880   0x00000002   Code   RO          216    .text.HAL_ADC_LevelOutOfWindowCallback  stm32h7xx_hal_adc.o
    0x08002882   0x08002882   0x00000006   PAD
    0x08002888   0x08002888   0x000000fa   Code   RO           40    .text.HAL_ADC_MspInit  adc.o
    0x08002982   0x08002982   0x00000006   PAD
    0x08002988   0x08002988   0x00000174   Code   RO         1153    .text.HAL_DAC_ConfigChannel  stm32h7xx_hal_dac.o
    0x08002afc   0x08002afc   0x00000004   PAD
    0x08002b00   0x08002b00   0x0000002c   Code   RO         1117    .text.HAL_DAC_Init  stm32h7xx_hal_dac.o
    0x08002b2c   0x08002b2c   0x00000004   PAD
    0x08002b30   0x08002b30   0x000000b0   Code   RO           56    .text.HAL_DAC_MspInit  dac.o
    0x08002be0   0x08002be0   0x00000526   Code   RO          533    .text.HAL_DMA_Abort  stm32h7xx_hal_dma.o
    0x08003106   0x08003106   0x00000002   PAD
    0x08003108   0x08003108   0x000002b6   Code   RO          535    .text.HAL_DMA_Abort_IT  stm32h7xx_hal_dma.o
    0x080033be   0x080033be   0x00000002   PAD
    0x080033c0   0x080033c0   0x00000818   Code   RO          539    .text.HAL_DMA_IRQHandler  stm32h7xx_hal_dma.o
    0x08003bd8   0x08003bd8   0x0000065e   Code   RO          521    .text.HAL_DMA_Init  stm32h7xx_hal_dma.o
    0x08004236   0x08004236   0x00000002   PAD
    0x08004238   0x08004238   0x000000c8   Code   RO           11    .text.HAL_GPIO_EXTI_Callback  main.o
    0x08004300   0x08004300   0x00000014   Code   RO          479    .text.HAL_GPIO_EXTI_IRQHandler  stm32h7xx_hal_gpio.o
    0x08004314   0x08004314   0x00000004   PAD
    0x08004318   0x08004318   0x000001a6   Code   RO          467    .text.HAL_GPIO_Init  stm32h7xx_hal_gpio.o
    0x080044be   0x080044be   0x00000002   PAD
    0x080044c0   0x080044c0   0x0000000a   Code   RO          471    .text.HAL_GPIO_ReadPin  stm32h7xx_hal_gpio.o
    0x080044ca   0x080044ca   0x00000006   PAD
    0x080044d0   0x080044d0   0x00000010   Code   RO          475    .text.HAL_GPIO_TogglePin  stm32h7xx_hal_gpio.o
    0x080044e0   0x080044e0   0x0000000a   Code   RO          473    .text.HAL_GPIO_WritePin  stm32h7xx_hal_gpio.o
    0x080044ea   0x080044ea   0x00000006   PAD
    0x080044f0   0x080044f0   0x0000000e   Code   RO          839    .text.HAL_GetREVID  stm32h7xx_hal.o
    0x080044fe   0x080044fe   0x00000002   PAD
    0x08004500   0x08004500   0x0000000c   Code   RO          823    .text.HAL_GetTick   stm32h7xx_hal.o
    0x0800450c   0x0800450c   0x00000004   PAD
    0x08004510   0x08004510   0x0000001a   Code   RO          821    .text.HAL_IncTick   stm32h7xx_hal.o
    0x0800452a   0x0800452a   0x00000006   PAD
    0x08004530   0x08004530   0x00000064   Code   RO          811    .text.HAL_Init      stm32h7xx_hal.o
    0x08004594   0x08004594   0x00000004   PAD
    0x08004598   0x08004598   0x00000050   Code   RO          813    .text.HAL_InitTick  stm32h7xx_hal.o
    0x080045e8   0x080045e8   0x0000005e   Code   RO          781    .text.HAL_MPU_ConfigRegion  stm32h7xx_hal_cortex.o
    0x08004646   0x08004646   0x00000002   PAD
    0x08004648   0x08004648   0x0000001a   Code   RO          773    .text.HAL_MPU_Disable  stm32h7xx_hal_cortex.o
    0x08004662   0x08004662   0x00000006   PAD
    0x08004668   0x08004668   0x00000020   Code   RO          775    .text.HAL_MPU_Enable  stm32h7xx_hal_cortex.o
    0x08004688   0x08004688   0x00000046   Code   RO          164    .text.HAL_MspInit   stm32h7xx_hal_msp.o
    0x080046ce   0x080046ce   0x00000002   PAD
    0x080046d0   0x080046d0   0x00000022   Code   RO          763    .text.HAL_NVIC_EnableIRQ  stm32h7xx_hal_cortex.o
    0x080046f2   0x080046f2   0x00000006   PAD
    0x080046f8   0x080046f8   0x0000005a   Code   RO          761    .text.HAL_NVIC_SetPriority  stm32h7xx_hal_cortex.o
    0x08004752   0x08004752   0x00000006   PAD
    0x08004758   0x08004758   0x00000020   Code   RO          759    .text.HAL_NVIC_SetPriorityGrouping  stm32h7xx_hal_cortex.o
    0x08004778   0x08004778   0x0000004c   Code   RO          671    .text.HAL_PWREx_ConfigSupply  stm32h7xx_hal_pwr_ex.o
    0x080047c4   0x080047c4   0x00000004   PAD
    0x080047c8   0x080047c8   0x00000026   Code   RO          358    .text.HAL_RCCEx_GetD3PCLK1Freq  stm32h7xx_hal_rcc_ex.o
    0x080047ee   0x080047ee   0x00000002   PAD
    0x080047f0   0x080047f0   0x0000012c   Code   RO          352    .text.HAL_RCCEx_GetPLL1ClockFreq  stm32h7xx_hal_rcc_ex.o
    0x0800491c   0x0800491c   0x00000004   PAD
    0x08004920   0x08004920   0x00000128   Code   RO          354    .text.HAL_RCCEx_GetPLL2ClockFreq  stm32h7xx_hal_rcc_ex.o
    0x08004a48   0x08004a48   0x00000128   Code   RO          356    .text.HAL_RCCEx_GetPLL3ClockFreq  stm32h7xx_hal_rcc_ex.o
    0x08004b70   0x08004b70   0x000003ac   Code   RO          350    .text.HAL_RCCEx_GetPeriphCLKFreq  stm32h7xx_hal_rcc_ex.o
    0x08004f1c   0x08004f1c   0x00000004   PAD
    0x08004f20   0x08004f20   0x00000b0c   Code   RO          342    .text.HAL_RCCEx_PeriphCLKConfig  stm32h7xx_hal_rcc_ex.o
    0x08005a2c   0x08005a2c   0x00000004   PAD
    0x08005a30   0x08005a30   0x00000254   Code   RO          310    .text.HAL_RCC_ClockConfig  stm32h7xx_hal_rcc.o
    0x08005c84   0x08005c84   0x00000004   PAD
    0x08005c88   0x08005c88   0x0000004c   Code   RO          320    .text.HAL_RCC_GetHCLKFreq  stm32h7xx_hal_rcc.o
    0x08005cd4   0x08005cd4   0x00000004   PAD
    0x08005cd8   0x08005cd8   0x00000060   Code   RO          322    .text.HAL_RCC_GetPCLK1Freq  stm32h7xx_hal_rcc.o
    0x08005d38   0x08005d38   0x00000060   Code   RO          324    .text.HAL_RCC_GetPCLK2Freq  stm32h7xx_hal_rcc.o
    0x08005d98   0x08005d98   0x0000011c   Code   RO          312    .text.HAL_RCC_GetSysClockFreq  stm32h7xx_hal_rcc.o
    0x08005eb4   0x08005eb4   0x00000004   PAD
    0x08005eb8   0x08005eb8   0x0000056c   Code   RO          308    .text.HAL_RCC_OscConfig  stm32h7xx_hal_rcc.o
    0x08006424   0x08006424   0x00000004   PAD
    0x08006428   0x08006428   0x00000014   Code   RO          861    .text.HAL_SYSCFG_AnalogSwitchConfig  stm32h7xx_hal.o
    0x0800643c   0x0800643c   0x00000004   PAD
    0x08006440   0x08006440   0x00000012   Code   RO          857    .text.HAL_SYSCFG_DisableVREFBUF  stm32h7xx_hal.o
    0x08006452   0x08006452   0x00000006   PAD
    0x08006458   0x08006458   0x00000014   Code   RO          851    .text.HAL_SYSCFG_VREFBUF_HighImpedanceConfig  stm32h7xx_hal.o
    0x0800646c   0x0800646c   0x00000004   PAD
    0x08006470   0x08006470   0x00000018   Code   RO          795    .text.HAL_SYSTICK_CLKSourceConfig  stm32h7xx_hal_cortex.o
    0x08006488   0x08006488   0x0000002e   Code   RO          771    .text.HAL_SYSTICK_Config  stm32h7xx_hal_cortex.o
    0x080064b6   0x080064b6   0x00000002   PAD
    0x080064b8   0x080064b8   0x00000002   Code   RO         1524    .text.HAL_TIMEx_Break2Callback  stm32h7xx_hal_tim_ex.o
    0x080064ba   0x080064ba   0x00000006   PAD
    0x080064c0   0x080064c0   0x00000002   Code   RO         1522    .text.HAL_TIMEx_BreakCallback  stm32h7xx_hal_tim_ex.o
    0x080064c2   0x080064c2   0x00000006   PAD
    0x080064c8   0x080064c8   0x00000002   Code   RO         1518    .text.HAL_TIMEx_CommutCallback  stm32h7xx_hal_tim_ex.o
    0x080064ca   0x080064ca   0x00000006   PAD
    0x080064d0   0x080064d0   0x00000098   Code   RO         1508    .text.HAL_TIMEx_ConfigBreakDeadTime  stm32h7xx_hal_tim_ex.o
    0x08006568   0x08006568   0x000000ce   Code   RO         1506    .text.HAL_TIMEx_MasterConfigSynchronization  stm32h7xx_hal_tim_ex.o
    0x08006636   0x08006636   0x00000002   PAD
    0x08006638   0x08006638   0x00000060   Code   RO         1211    .text.HAL_TIM_Base_Init  stm32h7xx_hal_tim.o
    0x08006698   0x08006698   0x00000066   Code   RO           83    .text.HAL_TIM_Base_MspInit  tim.o
    0x080066fe   0x080066fe   0x00000002   PAD
    0x08006700   0x08006700   0x00000200   Code   RO         1391    .text.HAL_TIM_ConfigClockSource  stm32h7xx_hal_tim.o
    0x08006900   0x08006900   0x00000002   Code   RO         1347    .text.HAL_TIM_IC_CaptureCallback  stm32h7xx_hal_tim.o
    0x08006902   0x08006902   0x00000006   PAD
    0x08006908   0x08006908   0x0000016c   Code   RO         1345    .text.HAL_TIM_IRQHandler  stm32h7xx_hal_tim.o
    0x08006a74   0x08006a74   0x00000004   PAD
    0x08006a78   0x08006a78   0x00000002   Code   RO         1349    .text.HAL_TIM_OC_DelayElapsedCallback  stm32h7xx_hal_tim.o
    0x08006a7a   0x08006a7a   0x00000006   PAD
    0x08006a80   0x08006a80   0x000004b2   Code   RO         1365    .text.HAL_TIM_PWM_ConfigChannel  stm32h7xx_hal_tim.o
    0x08006f32   0x08006f32   0x00000006   PAD
    0x08006f38   0x08006f38   0x00000060   Code   RO         1265    .text.HAL_TIM_PWM_Init  stm32h7xx_hal_tim.o
    0x08006f98   0x08006f98   0x00000002   Code   RO         1267    .text.HAL_TIM_PWM_MspInit  stm32h7xx_hal_tim.o
    0x08006f9a   0x08006f9a   0x00000006   PAD
    0x08006fa0   0x08006fa0   0x00000002   Code   RO         1351    .text.HAL_TIM_PWM_PulseFinishedCallback  stm32h7xx_hal_tim.o
    0x08006fa2   0x08006fa2   0x00000006   PAD
    0x08006fa8   0x08006fa8   0x00000002   Code   RO         1353    .text.HAL_TIM_PeriodElapsedCallback  stm32h7xx_hal_tim.o
    0x08006faa   0x08006faa   0x00000006   PAD
    0x08006fb0   0x08006fb0   0x00000002   Code   RO         1355    .text.HAL_TIM_TriggerCallback  stm32h7xx_hal_tim.o
    0x08006fb2   0x08006fb2   0x00000006   PAD
    0x08006fb8   0x08006fb8   0x00000036   Code   RO         1701    .text.HAL_UARTEx_DisableFifoMode  stm32h7xx_hal_uart_ex.o
    0x08006fee   0x08006fee   0x00000002   PAD
    0x08006ff0   0x08006ff0   0x00000002   Code   RO         1628    .text.HAL_UARTEx_RxEventCallback  stm32h7xx_hal_uart.o
    0x08006ff2   0x08006ff2   0x00000006   PAD
    0x08006ff8   0x08006ff8   0x00000002   Code   RO         1687    .text.HAL_UARTEx_RxFifoFullCallback  stm32h7xx_hal_uart_ex.o
    0x08006ffa   0x08006ffa   0x00000006   PAD
    0x08007000   0x08007000   0x0000008c   Code   RO         1705    .text.HAL_UARTEx_SetRxFifoThreshold  stm32h7xx_hal_uart_ex.o
    0x0800708c   0x0800708c   0x00000004   PAD
    0x08007090   0x08007090   0x0000008c   Code   RO         1703    .text.HAL_UARTEx_SetTxFifoThreshold  stm32h7xx_hal_uart_ex.o
    0x0800711c   0x0800711c   0x00000004   PAD
    0x08007120   0x08007120   0x00000002   Code   RO         1689    .text.HAL_UARTEx_TxFifoEmptyCallback  stm32h7xx_hal_uart_ex.o
    0x08007122   0x08007122   0x00000006   PAD
    0x08007128   0x08007128   0x00000002   Code   RO         1685    .text.HAL_UARTEx_WakeupCallback  stm32h7xx_hal_uart_ex.o
    0x0800712a   0x0800712a   0x00000006   PAD
    0x08007130   0x08007130   0x00000002   Code   RO         1626    .text.HAL_UART_ErrorCallback  stm32h7xx_hal_uart.o
    0x08007132   0x08007132   0x00000006   PAD
    0x08007138   0x08007138   0x0000000c   Code   RO         1656    .text.HAL_UART_GetState  stm32h7xx_hal_uart.o
    0x08007144   0x08007144   0x00000004   PAD
    0x08007148   0x08007148   0x0000068a   Code   RO         1622    .text.HAL_UART_IRQHandler  stm32h7xx_hal_uart.o
    0x080077d2   0x080077d2   0x00000006   PAD
    0x080077d8   0x080077d8   0x00000064   Code   RO         1538    .text.HAL_UART_Init  stm32h7xx_hal_uart.o
    0x0800783c   0x0800783c   0x00000004   PAD
    0x08007840   0x08007840   0x00000152   Code   RO          103    .text.HAL_UART_MspInit  usart.o
    0x08007992   0x08007992   0x00000006   PAD
    0x08007998   0x08007998   0x000000ac   Code   RO         1574    .text.HAL_UART_Receive_IT  stm32h7xx_hal_uart.o
    0x08007a44   0x08007a44   0x00000004   PAD
    0x08007a48   0x08007a48   0x000000d0   Code   RO         1800    .text.HAL_UART_RxCpltCallback  serial.o
    0x08007b18   0x08007b18   0x000001aa   Code   RO         1558    .text.HAL_UART_Transmit  stm32h7xx_hal_uart.o
    0x08007cc2   0x08007cc2   0x00000006   PAD
    0x08007cc8   0x08007cc8   0x00000002   Code   RO         1630    .text.HAL_UART_TxCpltCallback  stm32h7xx_hal_uart.o
    0x08007cca   0x08007cca   0x00000006   PAD
    0x08007cd0   0x08007cd0   0x00000002   Code   RO          120    .text.HardFault_Handler  stm32h7xx_it.o
    0x08007cd2   0x08007cd2   0x00000006   PAD
    0x08007cd8   0x08007cd8   0x0000002c   Code   RO         1852    .text.IO_Update     ad9959.o
    0x08007d04   0x08007d04   0x00000004   PAD
    0x08007d08   0x08007d08   0x0000007e   Code   RO         1842    .text.Init_AD9959   ad9959.o
    0x08007d86   0x08007d86   0x00000002   PAD
    0x08007d88   0x08007d88   0x000000b4   Code   RO           38    .text.MX_ADC1_Init  adc.o
    0x08007e3c   0x08007e3c   0x00000004   PAD
    0x08007e40   0x08007e40   0x00000050   Code   RO           54    .text.MX_DAC1_Init  dac.o
    0x08007e90   0x08007e90   0x00000044   Code   RO           70    .text.MX_DMA_Init   dma.o
    0x08007ed4   0x08007ed4   0x00000004   PAD
    0x08007ed8   0x08007ed8   0x0000015c   Code   RO           29    .text.MX_GPIO_Init  gpio.o
    0x08008034   0x08008034   0x00000004   PAD
    0x08008038   0x08008038   0x00000102   Code   RO           79    .text.MX_TIM1_Init  tim.o
    0x0800813a   0x0800813a   0x00000006   PAD
    0x08008140   0x08008140   0x000000bc   Code   RO           81    .text.MX_TIM2_Init  tim.o
    0x080081fc   0x080081fc   0x00000004   PAD
    0x08008200   0x08008200   0x0000007c   Code   RO           97    .text.MX_UART4_Init  usart.o
    0x0800827c   0x0800827c   0x00000004   PAD
    0x08008280   0x08008280   0x0000007c   Code   RO           99    .text.MX_UART5_Init  usart.o
    0x080082fc   0x080082fc   0x00000004   PAD
    0x08008300   0x08008300   0x0000007c   Code   RO          101    .text.MX_USART1_UART_Init  usart.o
    0x0800837c   0x0800837c   0x00000004   PAD
    0x08008380   0x08008380   0x00000002   Code   RO          122    .text.MemManage_Handler  stm32h7xx_it.o
    0x08008382   0x08008382   0x00000006   PAD
    0x08008388   0x08008388   0x00000002   Code   RO          118    .text.NMI_Handler   stm32h7xx_it.o
    0x0800838a   0x0800838a   0x00000006   PAD
    0x08008390   0x08008390   0x00000002   Code   RO          132    .text.PendSV_Handler  stm32h7xx_it.o
    0x08008392   0x08008392   0x00000006   PAD
    0x08008398   0x08008398   0x00000122   Code   RO          344    .text.RCCEx_PLL2_Config  stm32h7xx_hal_rcc_ex.o
    0x080084ba   0x080084ba   0x00000006   PAD
    0x080084c0   0x080084c0   0x00000122   Code   RO          346    .text.RCCEx_PLL3_Config  stm32h7xx_hal_rcc_ex.o
    0x080085e2   0x080085e2   0x00000006   PAD
    0x080085e8   0x080085e8   0x00000002   Code   RO          128    .text.SVC_Handler   stm32h7xx_it.o
    0x080085ea   0x080085ea   0x00000006   PAD
    0x080085f0   0x080085f0   0x0000056a   Code   RO         1786    .text.Screen_SendArr  serial.o
    0x08008b5a   0x08008b5a   0x00000006   PAD
    0x08008b60   0x08008b60   0x00000aaa   Code   RO         1788    .text.Screen_SendArrToShow  serial.o
    0x0800960a   0x0800960a   0x00000006   PAD
    0x08009610   0x08009610   0x00000564   Code   RO         1790    .text.Screen_SendStr  serial.o
    0x08009b74   0x08009b74   0x00000004   PAD
    0x08009b78   0x08009b78   0x00000076   Code   RO         1782    .text.Serial_printf  serial.o
    0x08009bee   0x08009bee   0x00000002   PAD
    0x08009bf0   0x08009bf0   0x000000b2   Code   RO         1784    .text.Serial_printf_t  serial.o
    0x08009ca2   0x08009ca2   0x00000006   PAD
    0x08009ca8   0x08009ca8   0x00000004   Code   RO          134    .text.SysTick_Handler  stm32h7xx_it.o
    0x08009cac   0x08009cac   0x00000004   PAD
    0x08009cb0   0x08009cb0   0x000000e0   Code   RO           15    .text.SystemClock_Config  main.o
    0x08009d90   0x08009d90   0x000000ee   Code   RO         1724    .text.SystemInit    system_stm32h7xx.o
    0x08009e7e   0x08009e7e   0x00000002   PAD
    0x08009e80   0x08009e80   0x0000000c   Code   RO          148    .text.TIM1_UP_IRQHandler  stm32h7xx_it.o
    0x08009e8c   0x08009e8c   0x00000004   PAD
    0x08009e90   0x08009e90   0x0000014e   Code   RO         1215    .text.TIM_Base_SetConfig  stm32h7xx_hal_tim.o
    0x08009fde   0x08009fde   0x00000002   PAD
    0x08009fe0   0x08009fe0   0x0000000c   Code   RO          152    .text.UART4_IRQHandler  stm32h7xx_it.o
    0x08009fec   0x08009fec   0x00000004   PAD
    0x08009ff0   0x08009ff0   0x00000058   Code   RO          154    .text.UART5_IRQHandler  stm32h7xx_it.o
    0x0800a048   0x0800a048   0x000000e0   Code   RO         1542    .text.UART_AdvFeatureConfig  stm32h7xx_hal_uart.o
    0x0800a128   0x0800a128   0x0000016e   Code   RO         1546    .text.UART_CheckIdleState  stm32h7xx_hal_uart.o
    0x0800a296   0x0800a296   0x00000002   PAD
    0x0800a298   0x0800a298   0x0000000c   Code   RO         1624    .text.UART_DMAAbortOnError  stm32h7xx_hal_uart.o
    0x0800a2a4   0x0800a2a4   0x00000004   PAD
    0x0800a2a8   0x0800a2a8   0x000001c4   Code   RO         1664    .text.UART_RxISR_16BIT  stm32h7xx_hal_uart.o
    0x0800a46c   0x0800a46c   0x00000004   PAD
    0x0800a470   0x0800a470   0x0000033a   Code   RO         1660    .text.UART_RxISR_16BIT_FIFOEN  stm32h7xx_hal_uart.o
    0x0800a7aa   0x0800a7aa   0x00000006   PAD
    0x0800a7b0   0x0800a7b0   0x000001c8   Code   RO         1666    .text.UART_RxISR_8BIT  stm32h7xx_hal_uart.o
    0x0800a978   0x0800a978   0x0000033e   Code   RO         1662    .text.UART_RxISR_8BIT_FIFOEN  stm32h7xx_hal_uart.o
    0x0800acb6   0x0800acb6   0x00000002   PAD
    0x0800acb8   0x0800acb8   0x00000488   Code   RO         1544    .text.UART_SetConfig  stm32h7xx_hal_uart.o
    0x0800b140   0x0800b140   0x00000274   Code   RO         1576    .text.UART_Start_Receive_IT  stm32h7xx_hal_uart.o
    0x0800b3b4   0x0800b3b4   0x00000004   PAD
    0x0800b3b8   0x0800b3b8   0x00000358   Code   RO         1560    .text.UART_WaitOnFlagUntilTimeout  stm32h7xx_hal_uart.o
    0x0800b710   0x0800b710   0x00000058   Code   RO          150    .text.USART1_IRQHandler  stm32h7xx_it.o
    0x0800b768   0x0800b768   0x00000002   Code   RO          126    .text.UsageFault_Handler  stm32h7xx_it.o
    0x0800b76a   0x0800b76a   0x00000006   PAD
    0x0800b770   0x0800b770   0x00000274   Code   RO         1848    .text.WriteData_AD9959  ad9959.o
    0x0800b9e4   0x0800b9e4   0x00000004   PAD
    0x0800b9e8   0x0800b9e8   0x00000044   Code   RO         1856    .text.Write_Amplitude  ad9959.o
    0x0800ba2c   0x0800ba2c   0x00000004   PAD
    0x0800ba30   0x0800ba30   0x00000060   Code   RO         1858    .text.Write_Phase   ad9959.o
    0x0800ba90   0x0800ba90   0x00000058   Code   RO         1854    .text.Write_frequence  ad9959.o
    0x0800bae8   0x0800bae8   0x00000016   Code   RO         1827    .text.delay_init    delay.o
    0x0800bafe   0x0800bafe   0x00000002   PAD
    0x0800bb00   0x0800bb00   0x0000006e   Code   RO         1831    .text.delay_ms      delay.o
    0x0800bb6e   0x0800bb6e   0x00000002   PAD
    0x0800bb70   0x0800bb70   0x00000114   Code   RO           13    .text.main          main.o
    0x0800bc84   0x0800bc84   0x00000004   PAD
    0x0800bc88   0x0800bc88   0x000000c8   Code   RO         1804    .text.print4screen  serial.o
    0x0800bd50   0x0800bd50   0x00000174   Code   RO         1802    .text.print4serial  serial.o
    0x0800bec4   0x0800bec4   0x0000003e   Code   RO         2096    CL$$btod_d2e        c_w.l(btod.o)
    0x0800bf02   0x0800bf02   0x00000046   Code   RO         2098    CL$$btod_d2e_denorm_low  c_w.l(btod.o)
    0x0800bf48   0x0800bf48   0x00000060   Code   RO         2097    CL$$btod_d2e_norm_op1  c_w.l(btod.o)
    0x0800bfa8   0x0800bfa8   0x00000338   Code   RO         2106    CL$$btod_div_common  c_w.l(btod.o)
    0x0800c2e0   0x0800c2e0   0x000000dc   Code   RO         2103    CL$$btod_e2e        c_w.l(btod.o)
    0x0800c3bc   0x0800c3bc   0x0000002a   Code   RO         2100    CL$$btod_ediv       c_w.l(btod.o)
    0x0800c3e6   0x0800c3e6   0x0000002a   Code   RO         2099    CL$$btod_emul       c_w.l(btod.o)
    0x0800c410   0x0800c410   0x00000244   Code   RO         2105    CL$$btod_mult_common  c_w.l(btod.o)
    0x0800c654   0x0800c654   0x00000030   Code   RO         2138    i.__ARM_fpclassify  m_wv.l(fpclassify.o)
    0x0800c684   0x0800c684   0x0000000e   Code   RO         2004    i._is_digit         c_w.l(__printf_wp.o)
    0x0800c692   0x0800c692   0x00000002   PAD
    0x0800c694   0x0800c694   0x0000002c   Code   RO         2121    locale$$code        c_w.l(lc_numeric_c.o)
    0x0800c6c0   0x0800c6c0   0x0000002c   Code   RO         2150    locale$$code        c_w.l(lc_ctype_c.o)
    0x0800c6ec   0x0800c6ec   0x0000001a   Code   RO         2224    x$fpl$fpinit        fz_wv.l(fpinit.o)
    0x0800c706   0x0800c706   0x00000004   Code   RO         2037    x$fpl$printf1       fz_wv.l(printf1.o)
    0x0800c70a   0x0800c70a   0x00000004   Code   RO         2039    x$fpl$printf2       fz_wv.l(printf2.o)
    0x0800c70e   0x0800c70e   0x00000000   Code   RO         2137    x$fpl$usenofp       fz_wv.l(usenofp.o)
    0x0800c70e   0x0800c70e   0x00000002   PAD
    0x0800c710   0x0800c710   0x00000008   Data   RO         1963    .constdata          c_w.l(_printf_wctomb.o)
    0x0800c718   0x0800c718   0x00000028   Data   RO         1992    .constdata          c_w.l(_printf_hex_int_ll_ptr.o)
    0x0800c740   0x0800c740   0x00000011   Data   RO         2012    .constdata          c_w.l(__printf_flags_ss_wp.o)
    0x0800c751   0x0800c751   0x00000026   Data   RO         2071    .constdata          c_w.l(_printf_fp_hex.o)
    0x0800c777   0x0800c777   0x00000001   PAD
    0x0800c778   0x0800c778   0x00000094   Data   RO         2094    .constdata          c_w.l(bigflt0.o)
    0x0800c80c   0x0800c80c   0x00000006   Data   RO         1673    .rodata..Lswitch.table.UART_SetConfig.5  stm32h7xx_hal_uart.o
    0x0800c812   0x0800c812   0x00000006   Data   RO         1674    .rodata..Lswitch.table.UART_SetConfig.7  stm32h7xx_hal_uart.o
    0x0800c818   0x0800c818   0x00000010   Data   RO         1874    .rodata..Lswitch.table.Write_Phase  ad9959.o
    0x0800c828   0x0800c828   0x00000010   Data   RO         1730    .rodata.D1CorePrescTable  system_stm32h7xx.o
    0x0800c838   0x0800c838   0x00000018   Data   RO         1672    .rodata.UARTPrescTable  stm32h7xx_hal_uart.o
    0x0800c850   0x0800c850   0x00000010   Data   RO         1715    .rodata.cst8        stm32h7xx_hal_uart_ex.o
    0x0800c860   0x0800c860   0x00000009   Data   RO         1920    .rodata.str1.1      adc_custom.o
    0x0800c869   0x0800c869   0x00000003   PAD
    0x0800c86c   0x0800c86c   0x00000020   Data   RO         2285    Region$$Table       anon$$obj.o
    0x0800c88c   0x0800c88c   0x0000001c   Data   RO         2120    locale$$data        c_w.l(lc_numeric_c.o)
    0x0800c8a8   0x0800c8a8   0x00000110   Data   RO         2149    locale$$data        c_w.l(lc_ctype_c.o)


    Execution Region RW_IRAM1 (Exec base: 0x20000000, Load base: 0x0800c9b8, Size: 0x00000000, Max: 0x00020000, ABSOLUTE)

    **** No section assigned to this execution region ****


    Execution Region RW_IRAM2 (Exec base: 0x24000000, Load base: 0x0800c9b8, Size: 0x000022a0, Max: 0x00080000, ABSOLUTE)

    Exec Addr    Load Addr    Size         Type   Attr      Idx    E Section Name        Object

    0x24000000   0x0800c9b8   0x00000008   Data   RW           20    .data..L_MergedGlobals  main.o
    0x24000008   0x0800c9c0   0x00000008   Data   RW          908    .data..L_MergedGlobals  stm32h7xx_hal.o
    0x24000010   0x0800c9c8   0x00000008   Data   RW         1731    .data..L_MergedGlobals  system_stm32h7xx.o
    0x24000018   0x0800c9d0   0x00000008   Data   RW         1810    .data..L_MergedGlobals  serial.o
    0x24000020   0x0800c9d8   0x00000009   Data   RW         1875    .data..L_MergedGlobals  ad9959.o
    0x24000029   0x0800c9e1   0x00000001   PAD
    0x2400002a   0x0800c9e2   0x00000002   Data   RW         1919    .data.ADC_DATA_LENGTH_HLF  adc_custom.o
    0x2400002c   0x0800c9e4   0x00000004   PAD
    0x24000030        -       0x00000060   Zero   RW         2141    .bss                c_w.l(libspace.o)
    0x24000090        -       0x0000000a   Zero   RW         1811    .bss..L_MergedGlobals.7  serial.o
    0x2400009a        -       0x00000002   Zero   RW         1869    .bss.CPOW0_DATA     ad9959.o
    0x2400009c        -       0x000005dc   Zero   RW         1808    .bss.USART_DBG_RX_BUF  serial.o
    0x24000678        -       0x000005dc   Zero   RW         1809    .bss.USART_SCR_RX_BUF  serial.o
    0x24000c54        -       0x00000004   Zero   RW         1833    .bss.fac_us         delay.o
    0x24000c58        -       0x00000001   Zero   RW         1918    .bss.g_adc1_dma_complete_flag  adc_custom.o
    0x24000c59   0x0800c9e4   0x00000003   PAD
    0x24000c5c        -       0x00000c80   Zero   RW         1921    .bss.g_adc1_dma_data1  adc_custom.o
    0x240018dc        -       0x00000064   Zero   RW           44    .bss.hadc1          adc.o
    0x24001940        -       0x00000014   Zero   RW           60    .bss.hdac1          dac.o
    0x24001954        -       0x00000078   Zero   RW           45    .bss.hdma_adc1      adc.o
    0x240019cc        -       0x00000078   Zero   RW           61    .bss.hdma_dac1_ch1  dac.o
    0x24001a44        -       0x0000004c   Zero   RW           87    .bss.htim1          tim.o
    0x24001a90        -       0x0000004c   Zero   RW           88    .bss.htim2          tim.o
    0x24001adc        -       0x00000094   Zero   RW          109    .bss.huart1         usart.o
    0x24001b70        -       0x00000094   Zero   RW          107    .bss.huart4         usart.o
    0x24001c04        -       0x00000094   Zero   RW          108    .bss.huart5         usart.o
    0x24001c98        -       0x00000001   Zero   RW         1820    .bss.led1_status    key2.o
    0x24001c99        -       0x00000001   Zero   RW         1821    .bss.led2_status    key2.o
    0x24001c9a   0x0800c9e4   0x00000002   PAD
    0x24001c9c        -       0x00000004   Zero   RW          907    .bss.uwTick         stm32h7xx_hal.o
    0x24001ca0        -       0x00000200   Zero   RW            2    HEAP                startup_stm32h750xx.o
    0x24001ea0        -       0x00000400   Zero   RW            1    STACK               startup_stm32h750xx.o


==============================================================================

Image component sizes


      Code (inc. data)   RO Data    RW Data    ZI Data      Debug   Object Name

      1746         32         16          9          2       8678   ad9959.o
       430          0          0          0        220      12459   adc.o
       296          0          9          2       3201       5217   adc_custom.o
       256          0          0          0        140       6579   dac.o
       132          0          0          0          4       2125   delay.o
        68          0          0          0          0       5488   dma.o
       348          0          0          0          0       6177   gpio.o
         0          0          0          0          2        436   key2.o
       710        100          0          8          0       4821   main.o
      6572         40          0          8       3010      30534   serial.o
        72         30        664          0       1536        844   startup_stm32h750xx.o
       290          0          0          8          4      15093   stm32h7xx_hal.o
      2880         14          0          0          0      28645   stm32h7xx_hal_adc.o
       194          0          0          0          0      30229   stm32h7xx_hal_adc_ex.o
       378          0          0          0          0      12509   stm32h7xx_hal_cortex.o
       416          0          0          0          0       9439   stm32h7xx_hal_dac.o
      6010         12          0          0          0      18472   stm32h7xx_hal_dma.o
       478          0          0          0          0       7002   stm32h7xx_hal_gpio.o
        70          0          0          0          0       2406   stm32h7xx_hal_msp.o
        76          0          0          0          0      10794   stm32h7xx_hal_pwr_ex.o
      2536         24          0          0          0      12026   stm32h7xx_hal_rcc.o
      5278        264          0          0          0      20365   stm32h7xx_hal_rcc_ex.o
      2616         14          0          0          0      67193   stm32h7xx_hal_tim.o
       364          0          0          0          0      25999   stm32h7xx_hal_tim_ex.o
      8200        332         36          0          0      43765   stm32h7xx_hal_uart.o
       340          0         16          0          0      11563   stm32h7xx_hal_uart_ex.o
       298         12          0          0          0       9873   stm32h7xx_it.o
       282          0         16          8          0       6227   system_stm32h7xx.o
       548          0          0          0        152      11283   tim.o
       710          0          0          0        444      12565   usart.o

    ----------------------------------------------------------------------
     43132        890        792         44       8724     438806   Object Totals
         0          0         32          0          0          0   (incl. Generated)
       538         16          3          1          9          0   (incl. Padding)

    ----------------------------------------------------------------------

      Code (inc. data)   RO Data    RW Data    ZI Data      Debug   Library Member Name

         8          0          0          0          0         68   __main.o
       392          4         17          0          0         92   __printf_flags_ss_wp.o
        14          0          0          0          0         68   __printf_wp.o
         0          0          0          0          0          0   __rtentry.o
        12          0          0          0          0          0   __rtentry2.o
         6          0          0          0          0          0   __rtentry4.o
        94          8          0          0          0          0   __scatter.o
        26          0          0          0          0          0   __scatter_copy.o
        28          0          0          0          0          0   __scatter_zi.o
        72          0          0          0          0         96   _c16rtomb.o
         6          0          0          0          0          0   _printf_a.o
         6          0          0          0          0          0   _printf_c.o
        44          0          0          0          0        108   _printf_char.o
        48          6          0          0          0         96   _printf_char_common.o
        40          0          0          0          0         68   _printf_charcount.o
         6          0          0          0          0          0   _printf_d.o
       120         16          0          0          0         92   _printf_dec.o
         6          0          0          0          0          0   _printf_e.o
         6          0          0          0          0          0   _printf_f.o
      1052          0          0          0          0        148   _printf_fp_dec.o
       764          8         38          0          0        100   _printf_fp_hex.o
       128         16          0          0          0         84   _printf_fp_infnan.o
         6          0          0          0          0          0   _printf_g.o
       148          4         40          0          0        160   _printf_hex_int_ll_ptr.o
         6          0          0          0          0          0   _printf_i.o
       178          0          0          0          0         88   _printf_intcommon.o
        10          0          0          0          0          0   _printf_l.o
         6          0          0          0          0          0   _printf_lc.o
        10          0          0          0          0          0   _printf_ll.o
         6          0          0          0          0          0   _printf_lld.o
         6          0          0          0          0          0   _printf_lli.o
         6          0          0          0          0          0   _printf_llo.o
         6          0          0          0          0          0   _printf_llu.o
         6          0          0          0          0          0   _printf_llx.o
       124         16          0          0          0         92   _printf_longlong_dec.o
         6          0          0          0          0          0   _printf_ls.o
         6          0          0          0          0          0   _printf_n.o
         6          0          0          0          0          0   _printf_o.o
       112          8          0          0          0        124   _printf_oct_int_ll.o
         6          0          0          0          0          0   _printf_p.o
        78          0          0          0          0        108   _printf_pad.o
         0          0          0          0          0          0   _printf_percent.o
         4          0          0          0          0          0   _printf_percent_end.o
         6          0          0          0          0          0   _printf_s.o
        82          0          0          0          0         80   _printf_str.o
        36          0          0          0          0         84   _printf_truncate.o
         6          0          0          0          0          0   _printf_u.o
        44          0          0          0          0        108   _printf_wchar.o
       188          6          8          0          0         92   _printf_wctomb.o
         6          0          0          0          0          0   _printf_x.o
        10          0          0          0          0         68   _sputc.o
       228          4        148          0          0         96   bigflt0.o
      1936        128          0          0          0        668   btod.o
        18          0          0          0          0         80   exit.o
         6          0          0          0          0        152   heapauxi.o
         0          0          0          0          0          0   indicate_semi.o
        44         10        272          0          0         76   lc_ctype_c.o
        44         10         28          0          0         76   lc_numeric_c.o
         2          0          0          0          0          0   libinit.o
        34          0          0          0          0          0   libinit2.o
         2          0          0          0          0          0   libshutdown.o
         2          0          0          0          0          0   libshutdown2.o
         8          4          0          0         96         68   libspace.o
       138          0          0          0          0         80   lludiv10.o
       240          0          0          0          0        100   lludivv7m.o
        16          4          0          0          0         76   rt_ctype_table.o
         8          4          0          0          0         68   rt_locale_intlibspace.o
        78          0          0          0          0         80   rt_memclr_w.o
         2          0          0          0          0          0   rtexit.o
        10          0          0          0          0          0   rtexit2.o
       124          0          0          0          0         88   strcmpv7m_pel.o
        12          4          0          0          0         68   sys_exit.o
        74          0          0          0          0         80   sys_stackheap_outer.o
         2          0          0          0          0         68   use_no_semi.o
        36          4          0          0          0         76   vsprintf.o
        26          0          0          0          0        116   fpinit.o
         4          0          0          0          0        116   printf1.o
         4          0          0          0          0        116   printf2.o
         0          0          0          0          0          0   usenofp.o
        48          0          0          0          0        124   fpclassify.o

    ----------------------------------------------------------------------
      7164        268        552          0         96       4496   Library Totals
        26          4          1          0          0          0   (incl. Padding)

    ----------------------------------------------------------------------

      Code (inc. data)   RO Data    RW Data    ZI Data      Debug   Library Name

      7056        264        551          0         96       4024   c_w.l
        34          0          0          0          0        348   fz_wv.l
        48          0          0          0          0        124   m_wv.l

    ----------------------------------------------------------------------
      7164        268        552          0         96       4496   Library Totals

    ----------------------------------------------------------------------

==============================================================================


      Code (inc. data)   RO Data    RW Data    ZI Data      Debug   

     50296       1158       1344         44       8820     440498   Grand Totals
     50296       1158       1344         44       8820     440498   ELF Image Totals
     50296       1158       1344         44          0          0   ROM Totals

==============================================================================

    Total RO  Size (Code + RO Data)                51640 (  50.43kB)
    Total RW  Size (RW Data + ZI Data)              8864 (   8.66kB)
    Total ROM Size (Code + RO Data + RW Data)      51684 (  50.47kB)

==============================================================================

